Component: ARM Compiler 5.06 update 6 (build 750) Tool: armlink [4d35ed]

==============================================================================

Section Cross References

    startup_rvmdk.o(STACK) refers (Special) to heapauxi.o(.text) for __use_two_region_memory
    startup_rvmdk.o(HEAP) refers (Special) to heapauxi.o(.text) for __use_two_region_memory
    startup_rvmdk.o(RESET) refers (Special) to heapauxi.o(.text) for __use_two_region_memory
    startup_rvmdk.o(RESET) refers to startup_rvmdk.o(STACK) for StackMem
    startup_rvmdk.o(RESET) refers to tivasetup.o(i.UARTIntHandler) for UARTIntHandler
    startup_rvmdk.o(RESET) refers to tivasetup.o(i.GPIOPortF_Handler) for GPIOPortF_Handler
    startup_rvmdk.o(RESET) refers to __main.o(!!!main) for __main
    startup_rvmdk.o(.text) refers (Special) to heapauxi.o(.text) for __use_two_region_memory
    startup_rvmdk.o(.text) refers to startup_rvmdk.o(HEAP) for HeapMem
    startup_rvmdk.o(.text) refers to startup_rvmdk.o(STACK) for StackMem
    uartstdio.o(i.UARTStdioConfig) refers to sysctl.o(i.SysCtlPeripheralPresent) for SysCtlPeripheralPresent
    uartstdio.o(i.UARTStdioConfig) refers to sysctl.o(i.SysCtlPeripheralEnable) for SysCtlPeripheralEnable
    uartstdio.o(i.UARTStdioConfig) refers to uart.o(i.UARTConfigSetExpClk) for UARTConfigSetExpClk
    uartstdio.o(i.UARTStdioConfig) refers to uart.o(i.UARTEnable) for UARTEnable
    uartstdio.o(i.UARTStdioConfig) refers to uartstdio.o(.constdata) for g_ui32UARTPeriph
    uartstdio.o(i.UARTStdioConfig) refers to uartstdio.o(.data) for g_ui32Base
    uartstdio.o(i.UARTgetc) refers to uart.o(i.UARTCharGet) for UARTCharGet
    uartstdio.o(i.UARTgetc) refers to uartstdio.o(.data) for g_ui32Base
    uartstdio.o(i.UARTgets) refers to uart.o(i.UARTCharGet) for UARTCharGet
    uartstdio.o(i.UARTgets) refers to uartstdio.o(i.UARTwrite) for UARTwrite
    uartstdio.o(i.UARTgets) refers to uart.o(i.UARTCharPut) for UARTCharPut
    uartstdio.o(i.UARTgets) refers to uartstdio.o(.data) for g_ui32Base
    uartstdio.o(i.UARTprintf) refers to uartstdio.o(i.UARTvprintf) for UARTvprintf
    uartstdio.o(i.UARTvprintf) refers to uartstdio.o(i.UARTwrite) for UARTwrite
    uartstdio.o(i.UARTvprintf) refers to uartstdio.o(.constdata) for g_pcHex
    uartstdio.o(i.UARTwrite) refers to uart.o(i.UARTCharPut) for UARTCharPut
    uartstdio.o(i.UARTwrite) refers to uartstdio.o(.data) for g_ui32Base
    uartstdio.o(.constdata) refers to uartstdio.o(.conststring) for .conststring
    tivasetup.o(i.GPIOF_Interrupt_Init) refers to interrupt.o(i.IntEnable) for IntEnable
    tivasetup.o(i.GPIOPortF_Handler) refers to sysctl.o(.emb_text) for SysCtlDelay
    tivasetup.o(i.GPIOPortF_Handler) refers to uartstdio.o(i.UARTprintf) for UARTprintf
    tivasetup.o(i.GPIOPortF_Handler) refers to tivasetup.o(i.ledSwitchCases) for ledSwitchCases
    tivasetup.o(i.GPIOPortF_Handler) refers to tivasetup.o(.data) for startGame
    tivasetup.o(i.PortFunctionInit) refers to gpio.o(i.GPIOPinTypeGPIOInput) for GPIOPinTypeGPIOInput
    tivasetup.o(i.PortFunctionInit) refers to gpio.o(i.GPIOPinTypeGPIOOutput) for GPIOPinTypeGPIOOutput
    tivasetup.o(i.UARTIntHandler) refers to uart.o(i.UARTIntClear) for UARTIntClear
    tivasetup.o(i.UARTIntHandler) refers to uart.o(i.UARTIntStatus) for UARTIntStatus
    tivasetup.o(i.UARTIntHandler) refers to tivasetup.o(i.UARTSwitchCases) for UARTSwitchCases
    tivasetup.o(i.UARTSwitchCases) refers to uart.o(i.UARTCharGet) for UARTCharGet
    tivasetup.o(i.UARTSwitchCases) refers to uartstdio.o(i.UARTprintf) for UARTprintf
    tivasetup.o(i.UARTSwitchCases) refers to game.o(i.roundStart) for roundStart
    tivasetup.o(i.UARTSwitchCases) refers to tivasetup.o(.data) for startGame
    tivasetup.o(i.UART_int_init) refers to sysctl.o(i.SysCtlPeripheralEnable) for SysCtlPeripheralEnable
    tivasetup.o(i.UART_int_init) refers to gpio.o(i.GPIOPinConfigure) for GPIOPinConfigure
    tivasetup.o(i.UART_int_init) refers to gpio.o(i.GPIOPinTypeUART) for GPIOPinTypeUART
    tivasetup.o(i.UART_int_init) refers to sysctl.o(i.SysCtlClockGet) for SysCtlClockGet
    tivasetup.o(i.UART_int_init) refers to uart.o(i.UARTConfigSetExpClk) for UARTConfigSetExpClk
    tivasetup.o(i.UART_int_init) refers to uart.o(i.UARTFlowControlSet) for UARTFlowControlSet
    tivasetup.o(i.UART_int_init) refers to interrupt.o(i.IntPrioritySet) for IntPrioritySet
    tivasetup.o(i.UART_int_init) refers to interrupt.o(i.IntMasterEnable) for IntMasterEnable
    tivasetup.o(i.UART_int_init) refers to interrupt.o(i.IntEnable) for IntEnable
    tivasetup.o(i.UART_int_init) refers to uart.o(i.UARTIntEnable) for UARTIntEnable
    tivasetup.o(i.UART_int_init) refers to uartstdio.o(i.UARTStdioConfig) for UARTStdioConfig
    tivasetup.o(i.ledSwitchCases) refers to uartstdio.o(i.UARTprintf) for UARTprintf
    tivasetup.o(i.ledSwitchCases) refers to gpio.o(i.GPIOPinWrite) for GPIOPinWrite
    tivasetup.o(i.ledSwitchCases) refers to tivasetup.o(.data) for count
    tivasetup.o(i.userLEDSwitchCases) refers to uartstdio.o(i.UARTprintf) for UARTprintf
    tivasetup.o(i.userLEDSwitchCases) refers to gpio.o(i.GPIOPinWrite) for GPIOPinWrite
    tivasetup.o(i.userLEDSwitchCases) refers to sysctl.o(.emb_text) for SysCtlDelay
    main.o(i.main) refers to tivasetup.o(i.PortFunctionInit) for PortFunctionInit
    main.o(i.main) refers to tivasetup.o(i.UART_int_init) for UART_int_init
    main.o(i.main) refers to tivasetup.o(i.GPIOF_Interrupt_Init) for GPIOF_Interrupt_Init
    main.o(i.main) refers to rand.o(.text) for srand
    main.o(i.main) refers to uartstdio.o(i.UARTprintf) for UARTprintf
    main.o(i.main) refers to main.o(.conststring) for .conststring
    game.o(i.roundStart) refers to uartstdio.o(i.UARTprintf) for UARTprintf
    game.o(i.roundStart) refers to rand.o(.emb_text) for rand
    game.o(i.roundStart) refers to tivasetup.o(i.userLEDSwitchCases) for userLEDSwitchCases
    game.o(i.roundStart) refers to sysctl.o(.emb_text) for SysCtlDelay
    game.o(i.roundStart) refers to tivasetup.o(.data) for startGame
    gpio.o(i.GPIOIntRegister) refers to interrupt.o(i.IntRegister) for IntRegister
    gpio.o(i.GPIOIntRegister) refers to interrupt.o(i.IntEnable) for IntEnable
    gpio.o(i.GPIOIntRegister) refers to gpio.o(.constdata) for .constdata
    gpio.o(i.GPIOIntUnregister) refers to interrupt.o(i.IntDisable) for IntDisable
    gpio.o(i.GPIOIntUnregister) refers to interrupt.o(i.IntUnregister) for IntUnregister
    gpio.o(i.GPIOIntUnregister) refers to gpio.o(.constdata) for .constdata
    gpio.o(i.GPIOPinConfigure) refers to gpio.o(.constdata) for .constdata
    gpio.o(i.GPIOPinTypeADC) refers to gpio.o(i.GPIODirModeSet) for GPIODirModeSet
    gpio.o(i.GPIOPinTypeADC) refers to gpio.o(i.GPIOPadConfigSet) for GPIOPadConfigSet
    gpio.o(i.GPIOPinTypeCAN) refers to gpio.o(i.GPIODirModeSet) for GPIODirModeSet
    gpio.o(i.GPIOPinTypeCAN) refers to gpio.o(i.GPIOPadConfigSet) for GPIOPadConfigSet
    gpio.o(i.GPIOPinTypeCIR) refers to gpio.o(i.GPIODirModeSet) for GPIODirModeSet
    gpio.o(i.GPIOPinTypeCIR) refers to gpio.o(i.GPIOPadConfigSet) for GPIOPadConfigSet
    gpio.o(i.GPIOPinTypeComparator) refers to gpio.o(i.GPIODirModeSet) for GPIODirModeSet
    gpio.o(i.GPIOPinTypeComparator) refers to gpio.o(i.GPIOPadConfigSet) for GPIOPadConfigSet
    gpio.o(i.GPIOPinTypeEPI) refers to gpio.o(i.GPIODirModeSet) for GPIODirModeSet
    gpio.o(i.GPIOPinTypeEPI) refers to gpio.o(i.GPIOPadConfigSet) for GPIOPadConfigSet
    gpio.o(i.GPIOPinTypeEthernetLED) refers to gpio.o(i.GPIODirModeSet) for GPIODirModeSet
    gpio.o(i.GPIOPinTypeEthernetLED) refers to gpio.o(i.GPIOPadConfigSet) for GPIOPadConfigSet
    gpio.o(i.GPIOPinTypeEthernetMII) refers to gpio.o(i.GPIODirModeSet) for GPIODirModeSet
    gpio.o(i.GPIOPinTypeEthernetMII) refers to gpio.o(i.GPIOPadConfigSet) for GPIOPadConfigSet
    gpio.o(i.GPIOPinTypeGPIOInput) refers to gpio.o(i.GPIODirModeSet) for GPIODirModeSet
    gpio.o(i.GPIOPinTypeGPIOInput) refers to gpio.o(i.GPIOPadConfigSet) for GPIOPadConfigSet
    gpio.o(i.GPIOPinTypeGPIOOutput) refers to gpio.o(i.GPIOPadConfigSet) for GPIOPadConfigSet
    gpio.o(i.GPIOPinTypeGPIOOutput) refers to gpio.o(i.GPIODirModeSet) for GPIODirModeSet
    gpio.o(i.GPIOPinTypeGPIOOutputOD) refers to gpio.o(i.GPIOPadConfigSet) for GPIOPadConfigSet
    gpio.o(i.GPIOPinTypeGPIOOutputOD) refers to gpio.o(i.GPIODirModeSet) for GPIODirModeSet
    gpio.o(i.GPIOPinTypeI2C) refers to gpio.o(i.GPIODirModeSet) for GPIODirModeSet
    gpio.o(i.GPIOPinTypeI2C) refers to gpio.o(i.GPIOPadConfigSet) for GPIOPadConfigSet
    gpio.o(i.GPIOPinTypeI2CSCL) refers to gpio.o(i.GPIODirModeSet) for GPIODirModeSet
    gpio.o(i.GPIOPinTypeI2CSCL) refers to gpio.o(i.GPIOPadConfigSet) for GPIOPadConfigSet
    gpio.o(i.GPIOPinTypeKBColumn) refers to gpio.o(i.GPIODirModeSet) for GPIODirModeSet
    gpio.o(i.GPIOPinTypeKBColumn) refers to gpio.o(i.GPIOPadConfigSet) for GPIOPadConfigSet
    gpio.o(i.GPIOPinTypeKBRow) refers to gpio.o(i.GPIODirModeSet) for GPIODirModeSet
    gpio.o(i.GPIOPinTypeKBRow) refers to gpio.o(i.GPIOPadConfigSet) for GPIOPadConfigSet
    gpio.o(i.GPIOPinTypeLCD) refers to gpio.o(i.GPIODirModeSet) for GPIODirModeSet
    gpio.o(i.GPIOPinTypeLCD) refers to gpio.o(i.GPIOPadConfigSet) for GPIOPadConfigSet
    gpio.o(i.GPIOPinTypeLEDSeq) refers to gpio.o(i.GPIODirModeSet) for GPIODirModeSet
    gpio.o(i.GPIOPinTypeLEDSeq) refers to gpio.o(i.GPIOPadConfigSet) for GPIOPadConfigSet
    gpio.o(i.GPIOPinTypeLPC) refers to gpio.o(i.GPIODirModeSet) for GPIODirModeSet
    gpio.o(i.GPIOPinTypeLPC) refers to gpio.o(i.GPIOPadConfigSet) for GPIOPadConfigSet
    gpio.o(i.GPIOPinTypePECIRx) refers to gpio.o(i.GPIODirModeSet) for GPIODirModeSet
    gpio.o(i.GPIOPinTypePECIRx) refers to gpio.o(i.GPIOPadConfigSet) for GPIOPadConfigSet
    gpio.o(i.GPIOPinTypePECITx) refers to gpio.o(i.GPIODirModeSet) for GPIODirModeSet
    gpio.o(i.GPIOPinTypePECITx) refers to gpio.o(i.GPIOPadConfigSet) for GPIOPadConfigSet
    gpio.o(i.GPIOPinTypePWM) refers to gpio.o(i.GPIODirModeSet) for GPIODirModeSet
    gpio.o(i.GPIOPinTypePWM) refers to gpio.o(i.GPIOPadConfigSet) for GPIOPadConfigSet
    gpio.o(i.GPIOPinTypeQEI) refers to gpio.o(i.GPIODirModeSet) for GPIODirModeSet
    gpio.o(i.GPIOPinTypeQEI) refers to gpio.o(i.GPIOPadConfigSet) for GPIOPadConfigSet
    gpio.o(i.GPIOPinTypeSSI) refers to gpio.o(i.GPIODirModeSet) for GPIODirModeSet
    gpio.o(i.GPIOPinTypeSSI) refers to gpio.o(i.GPIOPadConfigSet) for GPIOPadConfigSet
    gpio.o(i.GPIOPinTypeTimer) refers to gpio.o(i.GPIODirModeSet) for GPIODirModeSet
    gpio.o(i.GPIOPinTypeTimer) refers to gpio.o(i.GPIOPadConfigSet) for GPIOPadConfigSet
    gpio.o(i.GPIOPinTypeUART) refers to gpio.o(i.GPIODirModeSet) for GPIODirModeSet
    gpio.o(i.GPIOPinTypeUART) refers to gpio.o(i.GPIOPadConfigSet) for GPIOPadConfigSet
    gpio.o(i.GPIOPinTypeUSBAnalog) refers to gpio.o(i.GPIODirModeSet) for GPIODirModeSet
    gpio.o(i.GPIOPinTypeUSBAnalog) refers to gpio.o(i.GPIOPadConfigSet) for GPIOPadConfigSet
    gpio.o(i.GPIOPinTypeUSBDigital) refers to gpio.o(i.GPIODirModeSet) for GPIODirModeSet
    gpio.o(i.GPIOPinTypeUSBDigital) refers to gpio.o(i.GPIOPadConfigSet) for GPIOPadConfigSet
    gpio.o(i.GPIOPinTypeWakeHigh) refers to gpio.o(i.GPIODirModeSet) for GPIODirModeSet
    gpio.o(i.GPIOPinTypeWakeHigh) refers to gpio.o(i.GPIOPadConfigSet) for GPIOPadConfigSet
    gpio.o(i.GPIOPinTypeWakeLow) refers to gpio.o(i.GPIODirModeSet) for GPIODirModeSet
    gpio.o(i.GPIOPinTypeWakeLow) refers to gpio.o(i.GPIOPadConfigSet) for GPIOPadConfigSet
    interrupt.o(i.IntDisable) refers to interrupt.o(.constdata) for .constdata
    interrupt.o(i.IntEnable) refers to interrupt.o(.constdata) for .constdata
    interrupt.o(i.IntIsEnabled) refers to interrupt.o(.constdata) for .constdata
    interrupt.o(i.IntMasterDisable) refers to cpu.o(.emb_text) for CPUcpsid
    interrupt.o(i.IntMasterEnable) refers to cpu.o(.emb_text) for CPUcpsie
    interrupt.o(i.IntPendClear) refers to interrupt.o(.constdata) for .constdata
    interrupt.o(i.IntPendSet) refers to interrupt.o(.constdata) for .constdata
    interrupt.o(i.IntPriorityGet) refers to interrupt.o(.constdata) for .constdata
    interrupt.o(i.IntPriorityGroupingGet) refers to interrupt.o(.constdata) for .constdata
    interrupt.o(i.IntPriorityGroupingSet) refers to interrupt.o(.constdata) for .constdata
    interrupt.o(i.IntPriorityMaskGet) refers to cpu.o(.emb_text) for CPUbasepriGet
    interrupt.o(i.IntPriorityMaskSet) refers to cpu.o(.emb_text) for CPUbasepriSet
    interrupt.o(i.IntPrioritySet) refers to interrupt.o(.constdata) for .constdata
    interrupt.o(i.IntRegister) refers to interrupt.o(vtable) for vtable
    interrupt.o(i.IntUnregister) refers to interrupt.o(i._IntDefaultHandler) for _IntDefaultHandler
    interrupt.o(i.IntUnregister) refers to interrupt.o(vtable) for vtable
    sysctl.o(i.SysCtlClockFreqSet) refers to sysctl.o(.constdata) for .constdata
    sysctl.o(i.SysCtlClockGet) refers to sysctl.o(.constdata) for .constdata
    sysctl.o(i.SysCtlClockSet) refers to sysctl.o(.emb_text) for SysCtlDelay
    sysctl.o(i.SysCtlDeepSleep) refers to cpu.o(.emb_text) for CPUwfi
    sysctl.o(i.SysCtlIntRegister) refers to interrupt.o(i.IntRegister) for IntRegister
    sysctl.o(i.SysCtlIntRegister) refers to interrupt.o(i.IntEnable) for IntEnable
    sysctl.o(i.SysCtlIntUnregister) refers to interrupt.o(i.IntDisable) for IntDisable
    sysctl.o(i.SysCtlIntUnregister) refers to interrupt.o(i.IntUnregister) for IntUnregister
    sysctl.o(i.SysCtlSleep) refers to cpu.o(.emb_text) for CPUwfi
    uart.o(i.UARTIntRegister) refers to interrupt.o(i.IntRegister) for IntRegister
    uart.o(i.UARTIntRegister) refers to interrupt.o(i.IntEnable) for IntEnable
    uart.o(i.UARTIntRegister) refers to uart.o(.constdata) for .constdata
    uart.o(i.UARTIntUnregister) refers to interrupt.o(i.IntDisable) for IntDisable
    uart.o(i.UARTIntUnregister) refers to interrupt.o(i.IntUnregister) for IntUnregister
    uart.o(i.UARTIntUnregister) refers to uart.o(.constdata) for .constdata
    rand.o(.emb_text) refers (Special) to libinit2.o(.ARM.Collect$$libinit$$0000000D) for __rt_lib_init_rand_2
    rand.o(.emb_text) refers to rand.o(.text) for _rand_init
    rand.o(.emb_text) refers to rand.o(.bss) for _random_number_data
    rand.o(.text) refers (Special) to libinit2.o(.ARM.Collect$$libinit$$0000000D) for __rt_lib_init_rand_2
    rand.o(.text) refers to rand.o(.bss) for .bss
    rand.o(.bss) refers (Special) to libinit2.o(.ARM.Collect$$libinit$$0000000D) for __rt_lib_init_rand_2
    __main.o(!!!main) refers to __rtentry.o(.ARM.Collect$$rtentry$$00000000) for __rt_entry
    __rtentry.o(.ARM.Collect$$rtentry$$00000000) refers (Special) to __rtentry2.o(.ARM.Collect$$rtentry$$0000000A) for __rt_entry_li
    __rtentry.o(.ARM.Collect$$rtentry$$00000000) refers (Special) to __rtentry2.o(.ARM.Collect$$rtentry$$0000000D) for __rt_entry_main
    __rtentry.o(.ARM.Collect$$rtentry$$00000000) refers (Special) to __rtentry2.o(.ARM.Collect$$rtentry$$0000000C) for __rt_entry_postli_1
    __rtentry.o(.ARM.Collect$$rtentry$$00000000) refers (Special) to __rtentry2.o(.ARM.Collect$$rtentry$$00000009) for __rt_entry_postsh_1
    __rtentry.o(.ARM.Collect$$rtentry$$00000000) refers (Special) to __rtentry2.o(.ARM.Collect$$rtentry$$00000002) for __rt_entry_presh_1
    __rtentry.o(.ARM.Collect$$rtentry$$00000000) refers (Special) to __rtentry4.o(.ARM.Collect$$rtentry$$00000004) for __rt_entry_sh
    libinit2.o(.ARM.Collect$$libinit$$00000001) refers to fpinit.o(x$fpl$fpinit) for _fp_init
    libinit2.o(.ARM.Collect$$libinit$$0000000D) refers (Weak) to rand.o(.text) for _rand_init
    libinit2.o(.ARM.Collect$$libinit$$00000010) refers to libinit2.o(.ARM.Collect$$libinit$$0000000F) for .ARM.Collect$$libinit$$0000000F
    libinit2.o(.ARM.Collect$$libinit$$00000012) refers to libinit2.o(.ARM.Collect$$libinit$$0000000F) for .ARM.Collect$$libinit$$0000000F
    libinit2.o(.ARM.Collect$$libinit$$00000014) refers to libinit2.o(.ARM.Collect$$libinit$$0000000F) for .ARM.Collect$$libinit$$0000000F
    libinit2.o(.ARM.Collect$$libinit$$00000016) refers to libinit2.o(.ARM.Collect$$libinit$$0000000F) for .ARM.Collect$$libinit$$0000000F
    libinit2.o(.ARM.Collect$$libinit$$00000018) refers to libinit2.o(.ARM.Collect$$libinit$$0000000F) for .ARM.Collect$$libinit$$0000000F
    libinit2.o(.ARM.Collect$$libinit$$00000026) refers to argv_veneer.o(.emb_text) for __ARM_argv_veneer
    libinit2.o(.ARM.Collect$$libinit$$00000027) refers to argv_veneer.o(.emb_text) for __ARM_argv_veneer
    __rtentry2.o(.ARM.Collect$$rtentry$$00000008) refers to boardinit2.o(.text) for _platform_post_stackheap_init
    __rtentry2.o(.ARM.Collect$$rtentry$$0000000A) refers to libinit.o(.ARM.Collect$$libinit$$00000000) for __rt_lib_init
    __rtentry2.o(.ARM.Collect$$rtentry$$0000000B) refers to boardinit3.o(.text) for _platform_post_lib_init
    __rtentry2.o(.ARM.Collect$$rtentry$$0000000D) refers to main.o(i.main) for main
    __rtentry2.o(.ARM.Collect$$rtentry$$0000000D) refers to exit.o(.text) for exit
    __rtentry2.o(.ARM.exidx) refers to __rtentry2.o(.ARM.Collect$$rtentry$$00000001) for .ARM.Collect$$rtentry$$00000001
    __rtentry2.o(.ARM.exidx) refers to __rtentry2.o(.ARM.Collect$$rtentry$$00000008) for .ARM.Collect$$rtentry$$00000008
    __rtentry2.o(.ARM.exidx) refers to __rtentry2.o(.ARM.Collect$$rtentry$$0000000A) for .ARM.Collect$$rtentry$$0000000A
    __rtentry2.o(.ARM.exidx) refers to __rtentry2.o(.ARM.Collect$$rtentry$$0000000B) for .ARM.Collect$$rtentry$$0000000B
    __rtentry2.o(.ARM.exidx) refers to __rtentry2.o(.ARM.Collect$$rtentry$$0000000D) for .ARM.Collect$$rtentry$$0000000D
    __rtentry4.o(.ARM.Collect$$rtentry$$00000004) refers to sys_stackheap_outer.o(.text) for __user_setup_stackheap
    __rtentry4.o(.ARM.exidx) refers to __rtentry4.o(.ARM.Collect$$rtentry$$00000004) for .ARM.Collect$$rtentry$$00000004
    argv_veneer.o(.emb_text) refers to no_argv.o(.text) for __ARM_get_argv
    sys_stackheap_outer.o(.text) refers to libspace.o(.text) for __user_perproc_libspace
    sys_stackheap_outer.o(.text) refers to startup_rvmdk.o(.text) for __user_initial_stackheap
    exit.o(.text) refers to rtexit.o(.ARM.Collect$$rtexit$$00000000) for __rt_exit
    _get_argv_nomalloc.o(.text) refers (Special) to hrguard.o(.text) for __heap_region$guard
    _get_argv_nomalloc.o(.text) refers to defsig_rtmem_outer.o(.text) for __rt_SIGRTMEM
    _get_argv_nomalloc.o(.text) refers to sys_command.o(.text) for _sys_command_string
    libinit.o(.ARM.Collect$$libinit$$00000000) refers (Special) to libinit2.o(.ARM.Collect$$libinit$$0000002E) for __rt_lib_init_alloca_1
    libinit.o(.ARM.Collect$$libinit$$00000000) refers (Special) to libinit2.o(.ARM.Collect$$libinit$$0000002C) for __rt_lib_init_argv_1
    libinit.o(.ARM.Collect$$libinit$$00000000) refers (Special) to libinit2.o(.ARM.Collect$$libinit$$0000001B) for __rt_lib_init_atexit_1
    libinit.o(.ARM.Collect$$libinit$$00000000) refers (Special) to libinit2.o(.ARM.Collect$$libinit$$00000021) for __rt_lib_init_clock_1
    libinit.o(.ARM.Collect$$libinit$$00000000) refers (Special) to libinit2.o(.ARM.Collect$$libinit$$00000032) for __rt_lib_init_cpp_1
    libinit.o(.ARM.Collect$$libinit$$00000000) refers (Special) to libinit2.o(.ARM.Collect$$libinit$$00000030) for __rt_lib_init_exceptions_1
    libinit.o(.ARM.Collect$$libinit$$00000000) refers (Special) to libinit2.o(.ARM.Collect$$libinit$$00000001) for __rt_lib_init_fp_1
    libinit.o(.ARM.Collect$$libinit$$00000000) refers (Special) to libinit2.o(.ARM.Collect$$libinit$$0000001F) for __rt_lib_init_fp_trap_1
    libinit.o(.ARM.Collect$$libinit$$00000000) refers (Special) to libinit2.o(.ARM.Collect$$libinit$$00000023) for __rt_lib_init_getenv_1
    libinit.o(.ARM.Collect$$libinit$$00000000) refers (Special) to libinit2.o(.ARM.Collect$$libinit$$0000000A) for __rt_lib_init_heap_1
    libinit.o(.ARM.Collect$$libinit$$00000000) refers (Special) to libinit2.o(.ARM.Collect$$libinit$$00000011) for __rt_lib_init_lc_collate_1
    libinit.o(.ARM.Collect$$libinit$$00000000) refers (Special) to libinit2.o(.ARM.Collect$$libinit$$00000013) for __rt_lib_init_lc_ctype_1
    libinit.o(.ARM.Collect$$libinit$$00000000) refers (Special) to libinit2.o(.ARM.Collect$$libinit$$00000015) for __rt_lib_init_lc_monetary_1
    libinit.o(.ARM.Collect$$libinit$$00000000) refers (Special) to libinit2.o(.ARM.Collect$$libinit$$00000017) for __rt_lib_init_lc_numeric_1
    libinit.o(.ARM.Collect$$libinit$$00000000) refers (Special) to libinit2.o(.ARM.Collect$$libinit$$00000019) for __rt_lib_init_lc_time_1
    libinit.o(.ARM.Collect$$libinit$$00000000) refers (Special) to libinit2.o(.ARM.Collect$$libinit$$00000004) for __rt_lib_init_preinit_1
    libinit.o(.ARM.Collect$$libinit$$00000000) refers (Special) to libinit2.o(.ARM.Collect$$libinit$$0000000E) for __rt_lib_init_rand_1
    libinit.o(.ARM.Collect$$libinit$$00000000) refers (Special) to libinit2.o(.ARM.Collect$$libinit$$00000033) for __rt_lib_init_return
    libinit.o(.ARM.Collect$$libinit$$00000000) refers (Special) to libinit2.o(.ARM.Collect$$libinit$$0000001D) for __rt_lib_init_signal_1
    libinit.o(.ARM.Collect$$libinit$$00000000) refers (Special) to libinit2.o(.ARM.Collect$$libinit$$00000025) for __rt_lib_init_stdio_1
    libinit.o(.ARM.Collect$$libinit$$00000000) refers (Special) to libinit2.o(.ARM.Collect$$libinit$$0000000C) for __rt_lib_init_user_alloc_1
    sys_command.o(.text) refers (Special) to use_no_semi.o(.text) for __I$use$semihosting
    sys_command.o(.text) refers (Special) to indicate_semi.o(.text) for __semihosting_library_function
    libspace.o(.text) refers to libspace.o(.bss) for __libspace_start
    rtexit.o(.ARM.Collect$$rtexit$$00000000) refers (Special) to rtexit2.o(.ARM.Collect$$rtexit$$00000004) for __rt_exit_exit
    rtexit.o(.ARM.Collect$$rtexit$$00000000) refers (Special) to rtexit2.o(.ARM.Collect$$rtexit$$00000003) for __rt_exit_ls
    rtexit.o(.ARM.Collect$$rtexit$$00000000) refers (Special) to rtexit2.o(.ARM.Collect$$rtexit$$00000002) for __rt_exit_prels_1
    rtexit.o(.ARM.exidx) refers (Special) to rtexit2.o(.ARM.Collect$$rtexit$$00000004) for __rt_exit_exit
    rtexit.o(.ARM.exidx) refers (Special) to rtexit2.o(.ARM.Collect$$rtexit$$00000003) for __rt_exit_ls
    rtexit.o(.ARM.exidx) refers (Special) to rtexit2.o(.ARM.Collect$$rtexit$$00000002) for __rt_exit_prels_1
    rtexit.o(.ARM.exidx) refers to rtexit.o(.ARM.Collect$$rtexit$$00000000) for .ARM.Collect$$rtexit$$00000000
    defsig_rtmem_outer.o(.text) refers to defsig_rtmem_inner.o(.text) for __rt_SIGRTMEM_inner
    defsig_rtmem_outer.o(.text) refers to defsig_exit.o(.text) for __sig_exit
    defsig_rtmem_formal.o(.text) refers to rt_raise.o(.text) for __rt_raise
    rtexit2.o(.ARM.Collect$$rtexit$$00000003) refers to libshutdown.o(.ARM.Collect$$libshutdown$$00000000) for __rt_lib_shutdown
    rtexit2.o(.ARM.Collect$$rtexit$$00000004) refers to sys_exit.o(.text) for _sys_exit
    rtexit2.o(.ARM.exidx) refers to rtexit2.o(.ARM.Collect$$rtexit$$00000001) for .ARM.Collect$$rtexit$$00000001
    rtexit2.o(.ARM.exidx) refers to rtexit2.o(.ARM.Collect$$rtexit$$00000003) for .ARM.Collect$$rtexit$$00000003
    rtexit2.o(.ARM.exidx) refers to rtexit2.o(.ARM.Collect$$rtexit$$00000004) for .ARM.Collect$$rtexit$$00000004
    rt_raise.o(.text) refers to __raise.o(.text) for __raise
    rt_raise.o(.text) refers to sys_exit.o(.text) for _sys_exit
    defsig_exit.o(.text) refers to sys_exit.o(.text) for _sys_exit
    defsig_rtmem_inner.o(.text) refers to defsig_general.o(.text) for __default_signal_display
    sys_exit.o(.text) refers (Special) to use_no_semi.o(.text) for __I$use$semihosting
    sys_exit.o(.text) refers (Special) to indicate_semi.o(.text) for __semihosting_library_function
    __raise.o(.text) refers to defsig.o(CL$$defsig) for __default_signal_handler
    defsig_general.o(.text) refers to sys_wrch.o(.text) for _ttywrch
    libshutdown.o(.ARM.Collect$$libshutdown$$00000000) refers (Special) to libshutdown2.o(.ARM.Collect$$libshutdown$$00000002) for __rt_lib_shutdown_cpp_1
    libshutdown.o(.ARM.Collect$$libshutdown$$00000000) refers (Special) to libshutdown2.o(.ARM.Collect$$libshutdown$$00000007) for __rt_lib_shutdown_fp_trap_1
    libshutdown.o(.ARM.Collect$$libshutdown$$00000000) refers (Special) to libshutdown2.o(.ARM.Collect$$libshutdown$$0000000F) for __rt_lib_shutdown_heap_1
    libshutdown.o(.ARM.Collect$$libshutdown$$00000000) refers (Special) to libshutdown2.o(.ARM.Collect$$libshutdown$$00000010) for __rt_lib_shutdown_return
    libshutdown.o(.ARM.Collect$$libshutdown$$00000000) refers (Special) to libshutdown2.o(.ARM.Collect$$libshutdown$$0000000A) for __rt_lib_shutdown_signal_1
    libshutdown.o(.ARM.Collect$$libshutdown$$00000000) refers (Special) to libshutdown2.o(.ARM.Collect$$libshutdown$$00000004) for __rt_lib_shutdown_stdio_1
    libshutdown.o(.ARM.Collect$$libshutdown$$00000000) refers (Special) to libshutdown2.o(.ARM.Collect$$libshutdown$$0000000C) for __rt_lib_shutdown_user_alloc_1
    sys_wrch.o(.text) refers (Special) to use_no_semi.o(.text) for __I$use$semihosting
    sys_wrch.o(.text) refers (Special) to indicate_semi.o(.text) for __semihosting_library_function
    defsig.o(CL$$defsig) refers to defsig_rtmem_inner.o(.text) for __rt_SIGRTMEM_inner
    defsig_abrt_inner.o(.text) refers to defsig_general.o(.text) for __default_signal_display
    defsig_fpe_inner.o(.text) refers to defsig_general.o(.text) for __default_signal_display
    defsig_rtred_inner.o(.text) refers to defsig_general.o(.text) for __default_signal_display
    defsig_stak_inner.o(.text) refers to defsig_general.o(.text) for __default_signal_display
    defsig_pvfn_inner.o(.text) refers to defsig_general.o(.text) for __default_signal_display
    defsig_cppl_inner.o(.text) refers to defsig_general.o(.text) for __default_signal_display
    defsig_segv_inner.o(.text) refers to defsig_general.o(.text) for __default_signal_display
    defsig_other.o(.text) refers to defsig_general.o(.text) for __default_signal_display


==============================================================================

Removing Unused input sections from the image.

    Removing uartstdio.o(i.UARTgetc), (20 bytes).
    Removing uartstdio.o(i.UARTgets), (144 bytes).
    Removing tivasetup.o(i.IntGlobalDisable), (4 bytes).
    Removing tivasetup.o(i.IntGlobalEnable), (4 bytes).
    Removing gpio.o(i.GPIOADCTriggerDisable), (14 bytes).
    Removing gpio.o(i.GPIOADCTriggerEnable), (14 bytes).
    Removing gpio.o(i.GPIODMATriggerDisable), (14 bytes).
    Removing gpio.o(i.GPIODMATriggerEnable), (14 bytes).
    Removing gpio.o(i.GPIODirModeGet), (34 bytes).
    Removing gpio.o(i.GPIOIntClear), (6 bytes).
    Removing gpio.o(i.GPIOIntDisable), (14 bytes).
    Removing gpio.o(i.GPIOIntEnable), (14 bytes).
    Removing gpio.o(i.GPIOIntRegister), (88 bytes).
    Removing gpio.o(i.GPIOIntStatus), (14 bytes).
    Removing gpio.o(i.GPIOIntTypeGet), (68 bytes).
    Removing gpio.o(i.GPIOIntTypeSet), (80 bytes).
    Removing gpio.o(i.GPIOIntUnregister), (88 bytes).
    Removing gpio.o(i.GPIOPadConfigGet), (204 bytes).
    Removing gpio.o(i.GPIOPinRead), (6 bytes).
    Removing gpio.o(i.GPIOPinTypeADC), (28 bytes).
    Removing gpio.o(i.GPIOPinTypeCAN), (28 bytes).
    Removing gpio.o(i.GPIOPinTypeCIR), (28 bytes).
    Removing gpio.o(i.GPIOPinTypeComparator), (28 bytes).
    Removing gpio.o(i.GPIOPinTypeEPI), (28 bytes).
    Removing gpio.o(i.GPIOPinTypeEthernetLED), (28 bytes).
    Removing gpio.o(i.GPIOPinTypeEthernetMII), (28 bytes).
    Removing gpio.o(i.GPIOPinTypeGPIOOutputOD), (28 bytes).
    Removing gpio.o(i.GPIOPinTypeI2C), (28 bytes).
    Removing gpio.o(i.GPIOPinTypeI2CSCL), (28 bytes).
    Removing gpio.o(i.GPIOPinTypeKBColumn), (28 bytes).
    Removing gpio.o(i.GPIOPinTypeKBRow), (28 bytes).
    Removing gpio.o(i.GPIOPinTypeLCD), (28 bytes).
    Removing gpio.o(i.GPIOPinTypeLEDSeq), (28 bytes).
    Removing gpio.o(i.GPIOPinTypeLPC), (28 bytes).
    Removing gpio.o(i.GPIOPinTypePECIRx), (28 bytes).
    Removing gpio.o(i.GPIOPinTypePECITx), (28 bytes).
    Removing gpio.o(i.GPIOPinTypePWM), (28 bytes).
    Removing gpio.o(i.GPIOPinTypeQEI), (28 bytes).
    Removing gpio.o(i.GPIOPinTypeSSI), (28 bytes).
    Removing gpio.o(i.GPIOPinTypeTimer), (28 bytes).
    Removing gpio.o(i.GPIOPinTypeUSBAnalog), (28 bytes).
    Removing gpio.o(i.GPIOPinTypeUSBDigital), (28 bytes).
    Removing gpio.o(i.GPIOPinTypeWakeHigh), (30 bytes).
    Removing gpio.o(i.GPIOPinTypeWakeLow), (30 bytes).
    Removing gpio.o(i.GPIOPinWakeStatus), (6 bytes).
    Removing interrupt.o(i.IntDisable), (100 bytes).
    Removing interrupt.o(i.IntIsEnabled), (96 bytes).
    Removing interrupt.o(i.IntMasterDisable), (14 bytes).
    Removing interrupt.o(i.IntPendClear), (68 bytes).
    Removing interrupt.o(i.IntPendSet), (84 bytes).
    Removing interrupt.o(i.IntPriorityGet), (28 bytes).
    Removing interrupt.o(i.IntPriorityGroupingGet), (36 bytes).
    Removing interrupt.o(i.IntPriorityGroupingSet), (28 bytes).
    Removing interrupt.o(i.IntPriorityMaskGet), (4 bytes).
    Removing interrupt.o(i.IntPriorityMaskSet), (4 bytes).
    Removing interrupt.o(i.IntRegister), (52 bytes).
    Removing interrupt.o(i.IntTrigger), (12 bytes).
    Removing interrupt.o(i.IntUnregister), (20 bytes).
    Removing interrupt.o(i._IntDefaultHandler), (2 bytes).
    Removing interrupt.o(vtable), (620 bytes).
    Removing sysctl.o(i.SysCtlAltClkConfig), (12 bytes).
    Removing sysctl.o(i.SysCtlClockFreqSet), (712 bytes).
    Removing sysctl.o(i.SysCtlClockOutConfig), (16 bytes).
    Removing sysctl.o(i.SysCtlClockSet), (288 bytes).
    Removing sysctl.o(i.SysCtlDeepSleep), (32 bytes).
    Removing sysctl.o(i.SysCtlDeepSleepClockConfigSet), (112 bytes).
    Removing sysctl.o(i.SysCtlDeepSleepClockSet), (12 bytes).
    Removing sysctl.o(i.SysCtlDeepSleepPowerSet), (12 bytes).
    Removing sysctl.o(i.SysCtlFlashSectorSizeGet), (56 bytes).
    Removing sysctl.o(i.SysCtlFlashSizeGet), (56 bytes).
    Removing sysctl.o(i.SysCtlGPIOAHBDisable), (28 bytes).
    Removing sysctl.o(i.SysCtlGPIOAHBEnable), (24 bytes).
    Removing sysctl.o(i.SysCtlIntClear), (12 bytes).
    Removing sysctl.o(i.SysCtlIntDisable), (16 bytes).
    Removing sysctl.o(i.SysCtlIntEnable), (16 bytes).
    Removing sysctl.o(i.SysCtlIntRegister), (20 bytes).
    Removing sysctl.o(i.SysCtlIntStatus), (16 bytes).
    Removing sysctl.o(i.SysCtlIntUnregister), (18 bytes).
    Removing sysctl.o(i.SysCtlLDODeepSleepGet), (12 bytes).
    Removing sysctl.o(i.SysCtlLDODeepSleepSet), (12 bytes).
    Removing sysctl.o(i.SysCtlLDOSleepGet), (12 bytes).
    Removing sysctl.o(i.SysCtlLDOSleepSet), (12 bytes).
    Removing sysctl.o(i.SysCtlMOSCConfigSet), (12 bytes).
    Removing sysctl.o(i.SysCtlNMIClear), (16 bytes).
    Removing sysctl.o(i.SysCtlNMIStatus), (12 bytes).
    Removing sysctl.o(i.SysCtlPIOSCCalibrate), (76 bytes).
    Removing sysctl.o(i.SysCtlPWMClockGet), (24 bytes).
    Removing sysctl.o(i.SysCtlPWMClockSet), (20 bytes).
    Removing sysctl.o(i.SysCtlPeripheralClockGating), (68 bytes).
    Removing sysctl.o(i.SysCtlPeripheralDeepSleepDisable), (40 bytes).
    Removing sysctl.o(i.SysCtlPeripheralDeepSleepEnable), (40 bytes).
    Removing sysctl.o(i.SysCtlPeripheralDisable), (40 bytes).
    Removing sysctl.o(i.SysCtlPeripheralPowerOff), (40 bytes).
    Removing sysctl.o(i.SysCtlPeripheralPowerOn), (40 bytes).
    Removing sysctl.o(i.SysCtlPeripheralReady), (44 bytes).
    Removing sysctl.o(i.SysCtlPeripheralReset), (60 bytes).
    Removing sysctl.o(i.SysCtlPeripheralSleepDisable), (40 bytes).
    Removing sysctl.o(i.SysCtlPeripheralSleepEnable), (40 bytes).
    Removing sysctl.o(i.SysCtlReset), (16 bytes).
    Removing sysctl.o(i.SysCtlResetBehaviorGet), (12 bytes).
    Removing sysctl.o(i.SysCtlResetBehaviorSet), (12 bytes).
    Removing sysctl.o(i.SysCtlResetCauseClear), (16 bytes).
    Removing sysctl.o(i.SysCtlResetCauseGet), (12 bytes).
    Removing sysctl.o(i.SysCtlSRAMSizeGet), (16 bytes).
    Removing sysctl.o(i.SysCtlSleep), (4 bytes).
    Removing sysctl.o(i.SysCtlSleepPowerSet), (12 bytes).
    Removing sysctl.o(i.SysCtlUSBPLLDisable), (16 bytes).
    Removing sysctl.o(i.SysCtlUSBPLLEnable), (16 bytes).
    Removing sysctl.o(i.SysCtlVoltageEventClear), (16 bytes).
    Removing sysctl.o(i.SysCtlVoltageEventConfig), (12 bytes).
    Removing sysctl.o(i.SysCtlVoltageEventStatus), (12 bytes).
    Removing uart.o(i.UART9BitAddrSend), (38 bytes).
    Removing uart.o(i.UART9BitAddrSet), (10 bytes).
    Removing uart.o(i.UART9BitDisable), (14 bytes).
    Removing uart.o(i.UART9BitEnable), (14 bytes).
    Removing uart.o(i.UARTBreakCtl), (18 bytes).
    Removing uart.o(i.UARTBusy), (8 bytes).
    Removing uart.o(i.UARTCharGetNonBlocking), (16 bytes).
    Removing uart.o(i.UARTCharPutNonBlocking), (16 bytes).
    Removing uart.o(i.UARTCharsAvail), (10 bytes).
    Removing uart.o(i.UARTClockSourceGet), (6 bytes).
    Removing uart.o(i.UARTClockSourceSet), (6 bytes).
    Removing uart.o(i.UARTConfigGetExpClk), (46 bytes).
    Removing uart.o(i.UARTDMADisable), (10 bytes).
    Removing uart.o(i.UARTDMAEnable), (8 bytes).
    Removing uart.o(i.UARTDisable), (30 bytes).
    Removing uart.o(i.UARTDisableSIR), (10 bytes).
    Removing uart.o(i.UARTEnableSIR), (18 bytes).
    Removing uart.o(i.UARTFIFODisable), (10 bytes).
    Removing uart.o(i.UARTFIFOEnable), (10 bytes).
    Removing uart.o(i.UARTFIFOLevelGet), (16 bytes).
    Removing uart.o(i.UARTFIFOLevelSet), (6 bytes).
    Removing uart.o(i.UARTFlowControlGet), (8 bytes).
    Removing uart.o(i.UARTIntDisable), (10 bytes).
    Removing uart.o(i.UARTIntRegister), (88 bytes).
    Removing uart.o(i.UARTIntUnregister), (88 bytes).
    Removing uart.o(i.UARTModemControlClear), (14 bytes).
    Removing uart.o(i.UARTModemControlGet), (8 bytes).
    Removing uart.o(i.UARTModemControlSet), (12 bytes).
    Removing uart.o(i.UARTModemStatusGet), (10 bytes).
    Removing uart.o(i.UARTParityModeGet), (8 bytes).
    Removing uart.o(i.UARTParityModeSet), (12 bytes).
    Removing uart.o(i.UARTRxErrorClear), (6 bytes).
    Removing uart.o(i.UARTRxErrorGet), (8 bytes).
    Removing uart.o(i.UARTSmartCardDisable), (10 bytes).
    Removing uart.o(i.UARTSmartCardEnable), (22 bytes).
    Removing uart.o(i.UARTSpaceAvail), (10 bytes).
    Removing uart.o(i.UARTTxIntModeGet), (8 bytes).
    Removing uart.o(i.UARTTxIntModeSet), (12 bytes).
    Removing uart.o(.constdata), (128 bytes).

150 unused section(s) (total 5794 bytes) removed from the image.

==============================================================================

Image Symbol Table

    Local Symbols

    Symbol Name                              Value     Ov Type        Size  Object(Section)

    RESET                                    0x00000000   Section      648  startup_rvmdk.o(RESET)
    ../clib/angel/boardlib.s                 0x00000000   Number         0  boardinit3.o ABSOLUTE
    ../clib/angel/boardlib.s                 0x00000000   Number         0  boardinit1.o ABSOLUTE
    ../clib/angel/boardlib.s                 0x00000000   Number         0  boardinit2.o ABSOLUTE
    ../clib/angel/boardlib.s                 0x00000000   Number         0  boardshut.o ABSOLUTE
    ../clib/angel/handlers.s                 0x00000000   Number         0  __scatter_zi.o ABSOLUTE
    ../clib/angel/handlers.s                 0x00000000   Number         0  __scatter_copy.o ABSOLUTE
    ../clib/angel/kernel.s                   0x00000000   Number         0  __rtentry.o ABSOLUTE
    ../clib/angel/kernel.s                   0x00000000   Number         0  rtexit2.o ABSOLUTE
    ../clib/angel/kernel.s                   0x00000000   Number         0  __rtentry4.o ABSOLUTE
    ../clib/angel/kernel.s                   0x00000000   Number         0  rtexit.o ABSOLUTE
    ../clib/angel/kernel.s                   0x00000000   Number         0  __rtentry2.o ABSOLUTE
    ../clib/angel/rt.s                       0x00000000   Number         0  rt_raise.o ABSOLUTE
    ../clib/angel/scatter.s                  0x00000000   Number         0  __scatter.o ABSOLUTE
    ../clib/angel/startup.s                  0x00000000   Number         0  __main.o ABSOLUTE
    ../clib/angel/sys.s                      0x00000000   Number         0  libspace.o ABSOLUTE
    ../clib/angel/sys.s                      0x00000000   Number         0  indicate_semi.o ABSOLUTE
    ../clib/angel/sys.s                      0x00000000   Number         0  use_no_semi.o ABSOLUTE
    ../clib/angel/sys.s                      0x00000000   Number         0  sys_stackheap_outer.o ABSOLUTE
    ../clib/angel/sysapp.c                   0x00000000   Number         0  sys_exit.o ABSOLUTE
    ../clib/angel/sysapp.c                   0x00000000   Number         0  sys_wrch.o ABSOLUTE
    ../clib/angel/sysapp.c                   0x00000000   Number         0  sys_command.o ABSOLUTE
    ../clib/armsys.c                         0x00000000   Number         0  _get_argv_nomalloc.o ABSOLUTE
    ../clib/armsys.c                         0x00000000   Number         0  no_argv.o ABSOLUTE
    ../clib/armsys.c                         0x00000000   Number         0  argv_veneer.o ABSOLUTE
    ../clib/armsys.c                         0x00000000   Number         0  argv_veneer.o ABSOLUTE
    ../clib/heapalloc.c                      0x00000000   Number         0  hrguard.o ABSOLUTE
    ../clib/heapaux.c                        0x00000000   Number         0  heapauxi.o ABSOLUTE
    ../clib/libinit.s                        0x00000000   Number         0  libinit2.o ABSOLUTE
    ../clib/libinit.s                        0x00000000   Number         0  libshutdown.o ABSOLUTE
    ../clib/libinit.s                        0x00000000   Number         0  libinit.o ABSOLUTE
    ../clib/libinit.s                        0x00000000   Number         0  libshutdown2.o ABSOLUTE
    ../clib/signal.c                         0x00000000   Number         0  defsig_rtmem_inner.o ABSOLUTE
    ../clib/signal.c                         0x00000000   Number         0  defsig_exit.o ABSOLUTE
    ../clib/signal.c                         0x00000000   Number         0  defsig_other.o ABSOLUTE
    ../clib/signal.c                         0x00000000   Number         0  defsig_segv_inner.o ABSOLUTE
    ../clib/signal.c                         0x00000000   Number         0  defsig_rtmem_formal.o ABSOLUTE
    ../clib/signal.c                         0x00000000   Number         0  defsig_cppl_inner.o ABSOLUTE
    ../clib/signal.c                         0x00000000   Number         0  defsig_pvfn_inner.o ABSOLUTE
    ../clib/signal.c                         0x00000000   Number         0  defsig_stak_inner.o ABSOLUTE
    ../clib/signal.c                         0x00000000   Number         0  defsig_rtred_inner.o ABSOLUTE
    ../clib/signal.c                         0x00000000   Number         0  defsig_abrt_inner.o ABSOLUTE
    ../clib/signal.c                         0x00000000   Number         0  defsig_fpe_inner.o ABSOLUTE
    ../clib/signal.c                         0x00000000   Number         0  defsig_rtmem_outer.o ABSOLUTE
    ../clib/signal.c                         0x00000000   Number         0  defsig_general.o ABSOLUTE
    ../clib/signal.c                         0x00000000   Number         0  __raise.o ABSOLUTE
    ../clib/signal.s                         0x00000000   Number         0  defsig.o ABSOLUTE
    ../clib/stdlib.c                         0x00000000   Number         0  exit.o ABSOLUTE
    ../clib/stdlib.c                         0x00000000   Number         0  rand.o ABSOLUTE
    ../clib/stdlib.c                         0x00000000   Number         0  rand.o ABSOLUTE
    ../fplib/fpinit.s                        0x00000000   Number         0  fpinit.o ABSOLUTE
    ..\..\..\..\utils\uartstdio.c            0x00000000   Number         0  uartstdio.o ABSOLUTE
    cpu.c                                    0x00000000   Number         0  cpu.o ABSOLUTE
    cpu.c                                    0x00000000   Number         0  cpu.o ABSOLUTE
    dc.s                                     0x00000000   Number         0  dc.o ABSOLUTE
    game.c                                   0x00000000   Number         0  game.o ABSOLUTE
    gpio.c                                   0x00000000   Number         0  gpio.o ABSOLUTE
    interrupt.c                              0x00000000   Number         0  interrupt.o ABSOLUTE
    main.c                                   0x00000000   Number         0  main.o ABSOLUTE
    startup_rvmdk.S                          0x00000000   Number         0  startup_rvmdk.o ABSOLUTE
    sysctl.c                                 0x00000000   Number         0  sysctl.o ABSOLUTE
    sysctl.c                                 0x00000000   Number         0  sysctl.o ABSOLUTE
    tivaSetup.c                              0x00000000   Number         0  tivasetup.o ABSOLUTE
    uart.c                                   0x00000000   Number         0  uart.o ABSOLUTE
    $v0                                      0x0000026c   Number         0  startup_rvmdk.o(RESET)
    NmiSR                                    0x00000281   Thumb Code     0  startup_rvmdk.o(RESET)
    FaultISR                                 0x00000283   Thumb Code     0  startup_rvmdk.o(RESET)
    IntDefaultHandler                        0x00000285   Thumb Code     0  startup_rvmdk.o(RESET)
    !!!main                                  0x00000288   Section        8  __main.o(!!!main)
    !!!scatter                               0x00000290   Section       52  __scatter.o(!!!scatter)
    !!handler_copy                           0x000002c4   Section       26  __scatter_copy.o(!!handler_copy)
    !!handler_zi                             0x000002e0   Section       28  __scatter_zi.o(!!handler_zi)
    .ARM.Collect$$libinit$$00000000          0x000002fc   Section        2  libinit.o(.ARM.Collect$$libinit$$00000000)
    .ARM.Collect$$libinit$$00000001          0x000002fe   Section        4  libinit2.o(.ARM.Collect$$libinit$$00000001)
    .ARM.Collect$$libinit$$00000004          0x00000302   Section        0  libinit2.o(.ARM.Collect$$libinit$$00000004)
    .ARM.Collect$$libinit$$0000000A          0x00000302   Section        0  libinit2.o(.ARM.Collect$$libinit$$0000000A)
    .ARM.Collect$$libinit$$0000000C          0x00000302   Section        0  libinit2.o(.ARM.Collect$$libinit$$0000000C)
    .ARM.Collect$$libinit$$0000000D          0x00000302   Section        4  libinit2.o(.ARM.Collect$$libinit$$0000000D)
    .ARM.Collect$$libinit$$0000000E          0x00000306   Section        0  libinit2.o(.ARM.Collect$$libinit$$0000000E)
    .ARM.Collect$$libinit$$00000011          0x00000306   Section        0  libinit2.o(.ARM.Collect$$libinit$$00000011)
    .ARM.Collect$$libinit$$00000013          0x00000306   Section        0  libinit2.o(.ARM.Collect$$libinit$$00000013)
    .ARM.Collect$$libinit$$00000015          0x00000306   Section        0  libinit2.o(.ARM.Collect$$libinit$$00000015)
    .ARM.Collect$$libinit$$00000017          0x00000306   Section        0  libinit2.o(.ARM.Collect$$libinit$$00000017)
    .ARM.Collect$$libinit$$00000019          0x00000306   Section        0  libinit2.o(.ARM.Collect$$libinit$$00000019)
    .ARM.Collect$$libinit$$0000001B          0x00000306   Section        0  libinit2.o(.ARM.Collect$$libinit$$0000001B)
    .ARM.Collect$$libinit$$0000001D          0x00000306   Section        0  libinit2.o(.ARM.Collect$$libinit$$0000001D)
    .ARM.Collect$$libinit$$0000001F          0x00000306   Section        0  libinit2.o(.ARM.Collect$$libinit$$0000001F)
    .ARM.Collect$$libinit$$00000021          0x00000306   Section        0  libinit2.o(.ARM.Collect$$libinit$$00000021)
    .ARM.Collect$$libinit$$00000023          0x00000306   Section        0  libinit2.o(.ARM.Collect$$libinit$$00000023)
    .ARM.Collect$$libinit$$00000025          0x00000306   Section        0  libinit2.o(.ARM.Collect$$libinit$$00000025)
    .ARM.Collect$$libinit$$0000002C          0x00000306   Section        0  libinit2.o(.ARM.Collect$$libinit$$0000002C)
    .ARM.Collect$$libinit$$0000002E          0x00000306   Section        0  libinit2.o(.ARM.Collect$$libinit$$0000002E)
    .ARM.Collect$$libinit$$00000030          0x00000306   Section        0  libinit2.o(.ARM.Collect$$libinit$$00000030)
    .ARM.Collect$$libinit$$00000032          0x00000306   Section        0  libinit2.o(.ARM.Collect$$libinit$$00000032)
    .ARM.Collect$$libinit$$00000033          0x00000306   Section        2  libinit2.o(.ARM.Collect$$libinit$$00000033)
    .ARM.Collect$$libshutdown$$00000000      0x00000308   Section        2  libshutdown.o(.ARM.Collect$$libshutdown$$00000000)
    .ARM.Collect$$libshutdown$$00000002      0x0000030a   Section        0  libshutdown2.o(.ARM.Collect$$libshutdown$$00000002)
    .ARM.Collect$$libshutdown$$00000004      0x0000030a   Section        0  libshutdown2.o(.ARM.Collect$$libshutdown$$00000004)
    .ARM.Collect$$libshutdown$$00000007      0x0000030a   Section        0  libshutdown2.o(.ARM.Collect$$libshutdown$$00000007)
    .ARM.Collect$$libshutdown$$0000000A      0x0000030a   Section        0  libshutdown2.o(.ARM.Collect$$libshutdown$$0000000A)
    .ARM.Collect$$libshutdown$$0000000C      0x0000030a   Section        0  libshutdown2.o(.ARM.Collect$$libshutdown$$0000000C)
    .ARM.Collect$$libshutdown$$0000000F      0x0000030a   Section        0  libshutdown2.o(.ARM.Collect$$libshutdown$$0000000F)
    .ARM.Collect$$libshutdown$$00000010      0x0000030a   Section        2  libshutdown2.o(.ARM.Collect$$libshutdown$$00000010)
    .ARM.Collect$$rtentry$$00000000          0x0000030c   Section        0  __rtentry.o(.ARM.Collect$$rtentry$$00000000)
    .ARM.Collect$$rtentry$$00000002          0x0000030c   Section        0  __rtentry2.o(.ARM.Collect$$rtentry$$00000002)
    .ARM.Collect$$rtentry$$00000004          0x0000030c   Section        6  __rtentry4.o(.ARM.Collect$$rtentry$$00000004)
    .ARM.Collect$$rtentry$$00000009          0x00000312   Section        0  __rtentry2.o(.ARM.Collect$$rtentry$$00000009)
    .ARM.Collect$$rtentry$$0000000A          0x00000312   Section        4  __rtentry2.o(.ARM.Collect$$rtentry$$0000000A)
    .ARM.Collect$$rtentry$$0000000C          0x00000316   Section        0  __rtentry2.o(.ARM.Collect$$rtentry$$0000000C)
    .ARM.Collect$$rtentry$$0000000D          0x00000316   Section        8  __rtentry2.o(.ARM.Collect$$rtentry$$0000000D)
    .ARM.Collect$$rtexit$$00000000           0x0000031e   Section        2  rtexit.o(.ARM.Collect$$rtexit$$00000000)
    .ARM.Collect$$rtexit$$00000002           0x00000320   Section        0  rtexit2.o(.ARM.Collect$$rtexit$$00000002)
    .ARM.Collect$$rtexit$$00000003           0x00000320   Section        4  rtexit2.o(.ARM.Collect$$rtexit$$00000003)
    .ARM.Collect$$rtexit$$00000004           0x00000324   Section        6  rtexit2.o(.ARM.Collect$$rtexit$$00000004)
    .emb_text                                0x0000032c   Section        6  sysctl.o(.emb_text)
    $v0                                      0x0000032c   Number         0  sysctl.o(.emb_text)
    .emb_text                                0x00000334   Section       38  cpu.o(.emb_text)
    $v0                                      0x00000334   Number         0  cpu.o(.emb_text)
    .emb_text                                0x0000035c   Section       52  rand.o(.emb_text)
    .text                                    0x00000390   Section       24  startup_rvmdk.o(.text)
    $v0                                      0x00000390   Number         0  startup_rvmdk.o(.text)
    .text                                    0x000003a8   Section        0  rand.o(.text)
    .text                                    0x000003e4   Section        0  heapauxi.o(.text)
    .text                                    0x000003ea   Section       74  sys_stackheap_outer.o(.text)
    .text                                    0x00000434   Section        0  exit.o(.text)
    .text                                    0x00000448   Section        8  libspace.o(.text)
    .text                                    0x00000450   Section        2  use_no_semi.o(.text)
    .text                                    0x00000452   Section        0  indicate_semi.o(.text)
    .text                                    0x00000454   Section        0  sys_exit.o(.text)
    i.GPIODirModeSet                         0x00000460   Section        0  gpio.o(i.GPIODirModeSet)
    i.GPIOF_Interrupt_Init                   0x00000488   Section        0  tivasetup.o(i.GPIOF_Interrupt_Init)
    i.GPIOPadConfigSet                       0x000004e0   Section        0  gpio.o(i.GPIOPadConfigSet)
    i.GPIOPinConfigure                       0x0000061c   Section        0  gpio.o(i.GPIOPinConfigure)
    i.GPIOPinTypeGPIOInput                   0x00000664   Section        0  gpio.o(i.GPIOPinTypeGPIOInput)
    i.GPIOPinTypeGPIOOutput                  0x00000680   Section        0  gpio.o(i.GPIOPinTypeGPIOOutput)
    i.GPIOPinTypeUART                        0x0000069c   Section        0  gpio.o(i.GPIOPinTypeUART)
    i.GPIOPinWrite                           0x000006b8   Section        0  gpio.o(i.GPIOPinWrite)
    i.GPIOPortF_Handler                      0x000006c0   Section        0  tivasetup.o(i.GPIOPortF_Handler)
    i.IntEnable                              0x000007b0   Section        0  interrupt.o(i.IntEnable)
    i.IntMasterEnable                        0x00000814   Section        0  interrupt.o(i.IntMasterEnable)
    i.IntPrioritySet                         0x00000824   Section        0  interrupt.o(i.IntPrioritySet)
    i.PortFunctionInit                       0x0000084c   Section        0  tivasetup.o(i.PortFunctionInit)
    i.SysCtlClockGet                         0x000008e8   Section        0  sysctl.o(i.SysCtlClockGet)
    i.SysCtlPeripheralEnable                 0x00000a4c   Section        0  sysctl.o(i.SysCtlPeripheralEnable)
    i.SysCtlPeripheralPresent                0x00000a74   Section        0  sysctl.o(i.SysCtlPeripheralPresent)
    i.UARTCharGet                            0x00000aa0   Section        0  uart.o(i.UARTCharGet)
    i.UARTCharPut                            0x00000aac   Section        0  uart.o(i.UARTCharPut)
    i.UARTConfigSetExpClk                    0x00000ab8   Section        0  uart.o(i.UARTConfigSetExpClk)
    i.UARTEnable                             0x00000b26   Section        0  uart.o(i.UARTEnable)
    i.UARTFlowControlSet                     0x00000b3a   Section        0  uart.o(i.UARTFlowControlSet)
    i.UARTIntClear                           0x00000b46   Section        0  uart.o(i.UARTIntClear)
    i.UARTIntEnable                          0x00000b4a   Section        0  uart.o(i.UARTIntEnable)
    i.UARTIntHandler                         0x00000b54   Section        0  tivasetup.o(i.UARTIntHandler)
    i.UARTIntStatus                          0x00000b74   Section        0  uart.o(i.UARTIntStatus)
    i.UARTStdioConfig                        0x00000b80   Section        0  uartstdio.o(i.UARTStdioConfig)
    i.UARTSwitchCases                        0x00000bd0   Section        0  tivasetup.o(i.UARTSwitchCases)
    i.UART_int_init                          0x00000c30   Section        0  tivasetup.o(i.UART_int_init)
    i.UARTprintf                             0x00000cac   Section        0  uartstdio.o(i.UARTprintf)
    i.UARTvprintf                            0x00000cc8   Section        0  uartstdio.o(i.UARTvprintf)
    i.UARTwrite                              0x00000f18   Section        0  uartstdio.o(i.UARTwrite)
    i.ledSwitchCases                         0x00000f4c   Section        0  tivasetup.o(i.ledSwitchCases)
    i.main                                   0x00001028   Section        0  main.o(i.main)
    i.roundStart                             0x000010e8   Section        0  game.o(i.roundStart)
    i.userLEDSwitchCases                     0x00001180   Section        0  tivasetup.o(i.userLEDSwitchCases)
    x$fpl$fpinit                             0x00001280   Section       10  fpinit.o(x$fpl$fpinit)
    $v0                                      0x00001280   Number         0  fpinit.o(x$fpl$fpinit)
    .constdata                               0x0000128c   Section       28  uartstdio.o(.constdata)
    g_pcHex                                  0x0000128c   Data           4  uartstdio.o(.constdata)
    g_ui32UARTBase                           0x00001290   Data          12  uartstdio.o(.constdata)
    g_ui32UARTPeriph                         0x0000129c   Data          12  uartstdio.o(.constdata)
    .constdata                               0x000012a8   Section      528  gpio.o(.constdata)
    g_ppui32GPIOIntMapBlizzard               0x000012a8   Data         192  gpio.o(.constdata)
    g_ppui32GPIOIntMapSnowflake              0x00001368   Data         192  gpio.o(.constdata)
    g_pui32GPIOBaseAddrs                     0x00001428   Data         144  gpio.o(.constdata)
    .constdata                               0x000014b8   Section      268  interrupt.o(.constdata)
    g_pui32Priority                          0x000014b8   Data          32  interrupt.o(.constdata)
    g_pui32Regs                              0x000014d8   Data         156  interrupt.o(.constdata)
    g_pui32EnRegs                            0x00001574   Data          20  interrupt.o(.constdata)
    g_pui32Dii16Regs                         0x00001588   Data          20  interrupt.o(.constdata)
    g_pui32PendRegs                          0x0000159c   Data          20  interrupt.o(.constdata)
    g_pui32UnpendRegs                        0x000015b0   Data          20  interrupt.o(.constdata)
    .constdata                               0x000015c4   Section      452  sysctl.o(.constdata)
    g_pui32VCOFrequencies                    0x000015c4   Data           8  sysctl.o(.constdata)
    g_pui32Xtals                             0x000015cc   Data         108  sysctl.o(.constdata)
    g_pppui32XTALtoVCO                       0x00001638   Data         288  sysctl.o(.constdata)
    g_sXTALtoMEMTIM                          0x00001758   Data          48  sysctl.o(.constdata)
    .conststring                             0x00001788   Section       17  uartstdio.o(.conststring)
    .conststring                             0x0000179c   Section       83  main.o(.conststring)
    .data                                    0x20000000   Section        5  uartstdio.o(.data)
    g_ui32Base                               0x20000000   Data           4  uartstdio.o(.data)
    bLastWasCR                               0x20000004   Data           1  uartstdio.o(.data)
    .data                                    0x20000008   Section        5  tivasetup.o(.data)
    .bss                                     0x20000010   Section      228  rand.o(.bss)
    .bss                                     0x200000f4   Section       96  libspace.o(.bss)
    HEAP                                     0x20000158   Section        0  startup_rvmdk.o(HEAP)
    STACK                                    0x20000158   Section      256  startup_rvmdk.o(STACK)
    HeapMem                                  0x20000158   Data           0  startup_rvmdk.o(HEAP)
    StackMem                                 0x20000158   Data           0  startup_rvmdk.o(STACK)

    Global Symbols

    Symbol Name                              Value     Ov Type        Size  Object(Section)

    BuildAttributes$$THM_ISAv4$E$P$D$K$B$S$7EM$VFPi3$EXTD16$VFPS$VFMA$PE$A:L22UL41UL21$X:L11$S22US41US21$IEEE1$IW$USESV6$~STKCKD$USESV7$~SHL$OTIME$ROPI$EBA8$UX$STANDARDLIB$REQ8$PRES8$EABIv2 0x00000000   Number         0  anon$$obj.o ABSOLUTE
    __ARM_use_no_argv                        0x00000000   Number         0  main.o ABSOLUTE
    __Vectors                                0x00000000   Data           0  startup_rvmdk.o(RESET)
    __ARM_exceptions_init                     - Undefined Weak Reference
    __alloca_initialize                       - Undefined Weak Reference
    __arm_preinit_                            - Undefined Weak Reference
    __cpp_initialize__aeabi_                  - Undefined Weak Reference
    __cxa_finalize                            - Undefined Weak Reference
    __rt_locale                               - Undefined Weak Reference
    __sigvec_lookup                           - Undefined Weak Reference
    _atexit_init                              - Undefined Weak Reference
    _call_atexit_fns                          - Undefined Weak Reference
    _clock_init                               - Undefined Weak Reference
    _fp_trap_init                             - Undefined Weak Reference
    _fp_trap_shutdown                         - Undefined Weak Reference
    _get_lc_collate                           - Undefined Weak Reference
    _get_lc_ctype                             - Undefined Weak Reference
    _get_lc_monetary                          - Undefined Weak Reference
    _get_lc_numeric                           - Undefined Weak Reference
    _get_lc_time                              - Undefined Weak Reference
    _getenv_init                              - Undefined Weak Reference
    _handle_redirection                       - Undefined Weak Reference
    _init_alloc                               - Undefined Weak Reference
    _init_user_alloc                          - Undefined Weak Reference
    _initio                                   - Undefined Weak Reference
    _signal_finish                            - Undefined Weak Reference
    _signal_init                              - Undefined Weak Reference
    _terminate_alloc                          - Undefined Weak Reference
    _terminate_user_alloc                     - Undefined Weak Reference
    _terminateio                              - Undefined Weak Reference
    Reset_Handler                            0x0000026d   Thumb Code     0  startup_rvmdk.o(RESET)
    __main                                   0x00000289   Thumb Code     8  __main.o(!!!main)
    __scatterload                            0x00000291   Thumb Code     0  __scatter.o(!!!scatter)
    __scatterload_rt2                        0x00000291   Thumb Code    44  __scatter.o(!!!scatter)
    __scatterload_rt2_thumb_only             0x00000291   Thumb Code     0  __scatter.o(!!!scatter)
    __scatterload_null                       0x0000029f   Thumb Code     0  __scatter.o(!!!scatter)
    __scatterload_copy                       0x000002c5   Thumb Code    26  __scatter_copy.o(!!handler_copy)
    __scatterload_zeroinit                   0x000002e1   Thumb Code    28  __scatter_zi.o(!!handler_zi)
    __rt_lib_init                            0x000002fd   Thumb Code     0  libinit.o(.ARM.Collect$$libinit$$00000000)
    __rt_lib_init_fp_1                       0x000002ff   Thumb Code     0  libinit2.o(.ARM.Collect$$libinit$$00000001)
    __rt_lib_init_heap_1                     0x00000303   Thumb Code     0  libinit2.o(.ARM.Collect$$libinit$$0000000A)
    __rt_lib_init_preinit_1                  0x00000303   Thumb Code     0  libinit2.o(.ARM.Collect$$libinit$$00000004)
    __rt_lib_init_rand_2                     0x00000303   Thumb Code     0  libinit2.o(.ARM.Collect$$libinit$$0000000D)
    __rt_lib_init_user_alloc_1               0x00000303   Thumb Code     0  libinit2.o(.ARM.Collect$$libinit$$0000000C)
    __rt_lib_init_alloca_1                   0x00000307   Thumb Code     0  libinit2.o(.ARM.Collect$$libinit$$0000002E)
    __rt_lib_init_argv_1                     0x00000307   Thumb Code     0  libinit2.o(.ARM.Collect$$libinit$$0000002C)
    __rt_lib_init_atexit_1                   0x00000307   Thumb Code     0  libinit2.o(.ARM.Collect$$libinit$$0000001B)
    __rt_lib_init_clock_1                    0x00000307   Thumb Code     0  libinit2.o(.ARM.Collect$$libinit$$00000021)
    __rt_lib_init_cpp_1                      0x00000307   Thumb Code     0  libinit2.o(.ARM.Collect$$libinit$$00000032)
    __rt_lib_init_exceptions_1               0x00000307   Thumb Code     0  libinit2.o(.ARM.Collect$$libinit$$00000030)
    __rt_lib_init_fp_trap_1                  0x00000307   Thumb Code     0  libinit2.o(.ARM.Collect$$libinit$$0000001F)
    __rt_lib_init_getenv_1                   0x00000307   Thumb Code     0  libinit2.o(.ARM.Collect$$libinit$$00000023)
    __rt_lib_init_lc_collate_1               0x00000307   Thumb Code     0  libinit2.o(.ARM.Collect$$libinit$$00000011)
    __rt_lib_init_lc_ctype_1                 0x00000307   Thumb Code     0  libinit2.o(.ARM.Collect$$libinit$$00000013)
    __rt_lib_init_lc_monetary_1              0x00000307   Thumb Code     0  libinit2.o(.ARM.Collect$$libinit$$00000015)
    __rt_lib_init_lc_numeric_1               0x00000307   Thumb Code     0  libinit2.o(.ARM.Collect$$libinit$$00000017)
    __rt_lib_init_lc_time_1                  0x00000307   Thumb Code     0  libinit2.o(.ARM.Collect$$libinit$$00000019)
    __rt_lib_init_rand_1                     0x00000307   Thumb Code     0  libinit2.o(.ARM.Collect$$libinit$$0000000E)
    __rt_lib_init_return                     0x00000307   Thumb Code     0  libinit2.o(.ARM.Collect$$libinit$$00000033)
    __rt_lib_init_signal_1                   0x00000307   Thumb Code     0  libinit2.o(.ARM.Collect$$libinit$$0000001D)
    __rt_lib_init_stdio_1                    0x00000307   Thumb Code     0  libinit2.o(.ARM.Collect$$libinit$$00000025)
    __rt_lib_shutdown                        0x00000309   Thumb Code     0  libshutdown.o(.ARM.Collect$$libshutdown$$00000000)
    __rt_lib_shutdown_cpp_1                  0x0000030b   Thumb Code     0  libshutdown2.o(.ARM.Collect$$libshutdown$$00000002)
    __rt_lib_shutdown_fp_trap_1              0x0000030b   Thumb Code     0  libshutdown2.o(.ARM.Collect$$libshutdown$$00000007)
    __rt_lib_shutdown_heap_1                 0x0000030b   Thumb Code     0  libshutdown2.o(.ARM.Collect$$libshutdown$$0000000F)
    __rt_lib_shutdown_return                 0x0000030b   Thumb Code     0  libshutdown2.o(.ARM.Collect$$libshutdown$$00000010)
    __rt_lib_shutdown_signal_1               0x0000030b   Thumb Code     0  libshutdown2.o(.ARM.Collect$$libshutdown$$0000000A)
    __rt_lib_shutdown_stdio_1                0x0000030b   Thumb Code     0  libshutdown2.o(.ARM.Collect$$libshutdown$$00000004)
    __rt_lib_shutdown_user_alloc_1           0x0000030b   Thumb Code     0  libshutdown2.o(.ARM.Collect$$libshutdown$$0000000C)
    __rt_entry                               0x0000030d   Thumb Code     0  __rtentry.o(.ARM.Collect$$rtentry$$00000000)
    __rt_entry_presh_1                       0x0000030d   Thumb Code     0  __rtentry2.o(.ARM.Collect$$rtentry$$00000002)
    __rt_entry_sh                            0x0000030d   Thumb Code     0  __rtentry4.o(.ARM.Collect$$rtentry$$00000004)
    __rt_entry_li                            0x00000313   Thumb Code     0  __rtentry2.o(.ARM.Collect$$rtentry$$0000000A)
    __rt_entry_postsh_1                      0x00000313   Thumb Code     0  __rtentry2.o(.ARM.Collect$$rtentry$$00000009)
    __rt_entry_main                          0x00000317   Thumb Code     0  __rtentry2.o(.ARM.Collect$$rtentry$$0000000D)
    __rt_entry_postli_1                      0x00000317   Thumb Code     0  __rtentry2.o(.ARM.Collect$$rtentry$$0000000C)
    __rt_exit                                0x0000031f   Thumb Code     0  rtexit.o(.ARM.Collect$$rtexit$$00000000)
    __rt_exit_ls                             0x00000321   Thumb Code     0  rtexit2.o(.ARM.Collect$$rtexit$$00000003)
    __rt_exit_prels_1                        0x00000321   Thumb Code     0  rtexit2.o(.ARM.Collect$$rtexit$$00000002)
    __rt_exit_exit                           0x00000325   Thumb Code     0  rtexit2.o(.ARM.Collect$$rtexit$$00000004)
    SysCtlDelay                              0x0000032d   Thumb Code     6  sysctl.o(.emb_text)
    CPUcpsid                                 0x00000335   Thumb Code     8  cpu.o(.emb_text)
    CPUprimask                               0x0000033d   Thumb Code     6  cpu.o(.emb_text)
    CPUcpsie                                 0x00000343   Thumb Code     8  cpu.o(.emb_text)
    CPUwfi                                   0x0000034b   Thumb Code     4  cpu.o(.emb_text)
    CPUbasepriSet                            0x0000034f   Thumb Code     6  cpu.o(.emb_text)
    CPUbasepriGet                            0x00000355   Thumb Code     6  cpu.o(.emb_text)
    rand                                     0x0000035d   Thumb Code    48  rand.o(.emb_text)
    __user_initial_stackheap                 0x00000391   Thumb Code     0  startup_rvmdk.o(.text)
    srand                                    0x000003a9   Thumb Code    42  rand.o(.text)
    _rand_init                               0x000003d3   Thumb Code     4  rand.o(.text)
    __use_two_region_memory                  0x000003e5   Thumb Code     2  heapauxi.o(.text)
    __rt_heap_escrow$2region                 0x000003e7   Thumb Code     2  heapauxi.o(.text)
    __rt_heap_expand$2region                 0x000003e9   Thumb Code     2  heapauxi.o(.text)
    __user_setup_stackheap                   0x000003eb   Thumb Code    74  sys_stackheap_outer.o(.text)
    exit                                     0x00000435   Thumb Code    18  exit.o(.text)
    __user_libspace                          0x00000449   Thumb Code     8  libspace.o(.text)
    __user_perproc_libspace                  0x00000449   Thumb Code     0  libspace.o(.text)
    __user_perthread_libspace                0x00000449   Thumb Code     0  libspace.o(.text)
    __I$use$semihosting                      0x00000451   Thumb Code     0  use_no_semi.o(.text)
    __use_no_semihosting_swi                 0x00000451   Thumb Code     2  use_no_semi.o(.text)
    __semihosting_library_function           0x00000453   Thumb Code     0  indicate_semi.o(.text)
    _sys_exit                                0x00000455   Thumb Code     8  sys_exit.o(.text)
    GPIODirModeSet                           0x00000461   Thumb Code    40  gpio.o(i.GPIODirModeSet)
    GPIOF_Interrupt_Init                     0x00000489   Thumb Code    78  tivasetup.o(i.GPIOF_Interrupt_Init)
    GPIOPadConfigSet                         0x000004e1   Thumb Code   314  gpio.o(i.GPIOPadConfigSet)
    GPIOPinConfigure                         0x0000061d   Thumb Code    64  gpio.o(i.GPIOPinConfigure)
    GPIOPinTypeGPIOInput                     0x00000665   Thumb Code    28  gpio.o(i.GPIOPinTypeGPIOInput)
    GPIOPinTypeGPIOOutput                    0x00000681   Thumb Code    28  gpio.o(i.GPIOPinTypeGPIOOutput)
    GPIOPinTypeUART                          0x0000069d   Thumb Code    28  gpio.o(i.GPIOPinTypeUART)
    GPIOPinWrite                             0x000006b9   Thumb Code     6  gpio.o(i.GPIOPinWrite)
    GPIOPortF_Handler                        0x000006c1   Thumb Code   168  tivasetup.o(i.GPIOPortF_Handler)
    IntEnable                                0x000007b1   Thumb Code    92  interrupt.o(i.IntEnable)
    IntMasterEnable                          0x00000815   Thumb Code    14  interrupt.o(i.IntMasterEnable)
    IntPrioritySet                           0x00000825   Thumb Code    36  interrupt.o(i.IntPrioritySet)
    PortFunctionInit                         0x0000084d   Thumb Code   132  tivasetup.o(i.PortFunctionInit)
    SysCtlClockGet                           0x000008e9   Thumb Code   314  sysctl.o(i.SysCtlClockGet)
    SysCtlPeripheralEnable                   0x00000a4d   Thumb Code    36  sysctl.o(i.SysCtlPeripheralEnable)
    SysCtlPeripheralPresent                  0x00000a75   Thumb Code    40  sysctl.o(i.SysCtlPeripheralPresent)
    UARTCharGet                              0x00000aa1   Thumb Code    12  uart.o(i.UARTCharGet)
    UARTCharPut                              0x00000aad   Thumb Code    12  uart.o(i.UARTCharPut)
    UARTConfigSetExpClk                      0x00000ab9   Thumb Code   110  uart.o(i.UARTConfigSetExpClk)
    UARTEnable                               0x00000b27   Thumb Code    20  uart.o(i.UARTEnable)
    UARTFlowControlSet                       0x00000b3b   Thumb Code    12  uart.o(i.UARTFlowControlSet)
    UARTIntClear                             0x00000b47   Thumb Code     4  uart.o(i.UARTIntClear)
    UARTIntEnable                            0x00000b4b   Thumb Code     8  uart.o(i.UARTIntEnable)
    UARTIntHandler                           0x00000b55   Thumb Code    26  tivasetup.o(i.UARTIntHandler)
    UARTIntStatus                            0x00000b75   Thumb Code    10  uart.o(i.UARTIntStatus)
    UARTStdioConfig                          0x00000b81   Thumb Code    68  uartstdio.o(i.UARTStdioConfig)
    UARTSwitchCases                          0x00000bd1   Thumb Code    48  tivasetup.o(i.UARTSwitchCases)
    UART_int_init                            0x00000c31   Thumb Code   108  tivasetup.o(i.UART_int_init)
    UARTprintf                               0x00000cad   Thumb Code    26  uartstdio.o(i.UARTprintf)
    UARTvprintf                              0x00000cc9   Thumb Code   574  uartstdio.o(i.UARTvprintf)
    UARTwrite                                0x00000f19   Thumb Code    46  uartstdio.o(i.UARTwrite)
    ledSwitchCases                           0x00000f4d   Thumb Code   178  tivasetup.o(i.ledSwitchCases)
    main                                     0x00001029   Thumb Code    46  main.o(i.main)
    roundStart                               0x000010e9   Thumb Code    88  game.o(i.roundStart)
    userLEDSwitchCases                       0x00001181   Thumb Code   214  tivasetup.o(i.userLEDSwitchCases)
    _fp_init                                 0x00001281   Thumb Code    10  fpinit.o(x$fpl$fpinit)
    __fplib_config_fpu_vfp                   0x00001289   Thumb Code     0  fpinit.o(x$fpl$fpinit)
    __fplib_config_pureend_doubles           0x00001289   Thumb Code     0  fpinit.o(x$fpl$fpinit)
    Region$$Table$$Base                      0x000017f0   Number         0  anon$$obj.o(Region$$Table)
    Region$$Table$$Limit                     0x00001810   Number         0  anon$$obj.o(Region$$Table)
    count                                    0x20000008   Data           4  tivasetup.o(.data)
    startGame                                0x2000000c   Data           1  tivasetup.o(.data)
    _random_number_data                      0x20000010   Data         228  rand.o(.bss)
    __libspace_start                         0x200000f4   Data          96  libspace.o(.bss)
    __temporary_stack_top$libspace           0x20000154   Data           0  libspace.o(.bss)



==============================================================================

Memory Map of the image

  Image Entry point : 0x0000026d

  Load Region LR_1 (Base: 0x00000000, Size: 0x00001820, Max: 0xffffffff, ABSOLUTE)

    Execution Region ER_RO (Exec base: 0x00000000, Load base: 0x00000000, Size: 0x00001810, Max: 0xffffffff, ABSOLUTE)

    Exec Addr    Load Addr    Size         Type   Attr      Idx    E Section Name        Object

    0x00000000   0x00000000   0x00000288   Code   RO            3  * RESET               startup_rvmdk.o
    0x00000288   0x00000288   0x00000008   Code   RO         1330  * !!!main             c_w.l(__main.o)
    0x00000290   0x00000290   0x00000034   Code   RO         1487    !!!scatter          c_w.l(__scatter.o)
    0x000002c4   0x000002c4   0x0000001a   Code   RO         1489    !!handler_copy      c_w.l(__scatter_copy.o)
    0x000002de   0x000002de   0x00000002   PAD
    0x000002e0   0x000002e0   0x0000001c   Code   RO         1491    !!handler_zi        c_w.l(__scatter_zi.o)
    0x000002fc   0x000002fc   0x00000002   Code   RO         1410    .ARM.Collect$$libinit$$00000000  c_w.l(libinit.o)
    0x000002fe   0x000002fe   0x00000004   Code   RO         1333    .ARM.Collect$$libinit$$00000001  c_w.l(libinit2.o)
    0x00000302   0x00000302   0x00000000   Code   RO         1336    .ARM.Collect$$libinit$$00000004  c_w.l(libinit2.o)
    0x00000302   0x00000302   0x00000000   Code   RO         1339    .ARM.Collect$$libinit$$0000000A  c_w.l(libinit2.o)
    0x00000302   0x00000302   0x00000000   Code   RO         1341    .ARM.Collect$$libinit$$0000000C  c_w.l(libinit2.o)
    0x00000302   0x00000302   0x00000004   Code   RO         1342    .ARM.Collect$$libinit$$0000000D  c_w.l(libinit2.o)
    0x00000306   0x00000306   0x00000000   Code   RO         1343    .ARM.Collect$$libinit$$0000000E  c_w.l(libinit2.o)
    0x00000306   0x00000306   0x00000000   Code   RO         1346    .ARM.Collect$$libinit$$00000011  c_w.l(libinit2.o)
    0x00000306   0x00000306   0x00000000   Code   RO         1348    .ARM.Collect$$libinit$$00000013  c_w.l(libinit2.o)
    0x00000306   0x00000306   0x00000000   Code   RO         1350    .ARM.Collect$$libinit$$00000015  c_w.l(libinit2.o)
    0x00000306   0x00000306   0x00000000   Code   RO         1352    .ARM.Collect$$libinit$$00000017  c_w.l(libinit2.o)
    0x00000306   0x00000306   0x00000000   Code   RO         1354    .ARM.Collect$$libinit$$00000019  c_w.l(libinit2.o)
    0x00000306   0x00000306   0x00000000   Code   RO         1356    .ARM.Collect$$libinit$$0000001B  c_w.l(libinit2.o)
    0x00000306   0x00000306   0x00000000   Code   RO         1358    .ARM.Collect$$libinit$$0000001D  c_w.l(libinit2.o)
    0x00000306   0x00000306   0x00000000   Code   RO         1360    .ARM.Collect$$libinit$$0000001F  c_w.l(libinit2.o)
    0x00000306   0x00000306   0x00000000   Code   RO         1362    .ARM.Collect$$libinit$$00000021  c_w.l(libinit2.o)
    0x00000306   0x00000306   0x00000000   Code   RO         1364    .ARM.Collect$$libinit$$00000023  c_w.l(libinit2.o)
    0x00000306   0x00000306   0x00000000   Code   RO         1366    .ARM.Collect$$libinit$$00000025  c_w.l(libinit2.o)
    0x00000306   0x00000306   0x00000000   Code   RO         1370    .ARM.Collect$$libinit$$0000002C  c_w.l(libinit2.o)
    0x00000306   0x00000306   0x00000000   Code   RO         1372    .ARM.Collect$$libinit$$0000002E  c_w.l(libinit2.o)
    0x00000306   0x00000306   0x00000000   Code   RO         1374    .ARM.Collect$$libinit$$00000030  c_w.l(libinit2.o)
    0x00000306   0x00000306   0x00000000   Code   RO         1376    .ARM.Collect$$libinit$$00000032  c_w.l(libinit2.o)
    0x00000306   0x00000306   0x00000002   Code   RO         1377    .ARM.Collect$$libinit$$00000033  c_w.l(libinit2.o)
    0x00000308   0x00000308   0x00000002   Code   RO         1448    .ARM.Collect$$libshutdown$$00000000  c_w.l(libshutdown.o)
    0x0000030a   0x0000030a   0x00000000   Code   RO         1454    .ARM.Collect$$libshutdown$$00000002  c_w.l(libshutdown2.o)
    0x0000030a   0x0000030a   0x00000000   Code   RO         1456    .ARM.Collect$$libshutdown$$00000004  c_w.l(libshutdown2.o)
    0x0000030a   0x0000030a   0x00000000   Code   RO         1459    .ARM.Collect$$libshutdown$$00000007  c_w.l(libshutdown2.o)
    0x0000030a   0x0000030a   0x00000000   Code   RO         1462    .ARM.Collect$$libshutdown$$0000000A  c_w.l(libshutdown2.o)
    0x0000030a   0x0000030a   0x00000000   Code   RO         1464    .ARM.Collect$$libshutdown$$0000000C  c_w.l(libshutdown2.o)
    0x0000030a   0x0000030a   0x00000000   Code   RO         1467    .ARM.Collect$$libshutdown$$0000000F  c_w.l(libshutdown2.o)
    0x0000030a   0x0000030a   0x00000002   Code   RO         1468    .ARM.Collect$$libshutdown$$00000010  c_w.l(libshutdown2.o)
    0x0000030c   0x0000030c   0x00000000   Code   RO         1332    .ARM.Collect$$rtentry$$00000000  c_w.l(__rtentry.o)
    0x0000030c   0x0000030c   0x00000000   Code   RO         1379    .ARM.Collect$$rtentry$$00000002  c_w.l(__rtentry2.o)
    0x0000030c   0x0000030c   0x00000006   Code   RO         1391    .ARM.Collect$$rtentry$$00000004  c_w.l(__rtentry4.o)
    0x00000312   0x00000312   0x00000000   Code   RO         1381    .ARM.Collect$$rtentry$$00000009  c_w.l(__rtentry2.o)
    0x00000312   0x00000312   0x00000004   Code   RO         1382    .ARM.Collect$$rtentry$$0000000A  c_w.l(__rtentry2.o)
    0x00000316   0x00000316   0x00000000   Code   RO         1384    .ARM.Collect$$rtentry$$0000000C  c_w.l(__rtentry2.o)
    0x00000316   0x00000316   0x00000008   Code   RO         1385    .ARM.Collect$$rtentry$$0000000D  c_w.l(__rtentry2.o)
    0x0000031e   0x0000031e   0x00000002   Code   RO         1416    .ARM.Collect$$rtexit$$00000000  c_w.l(rtexit.o)
    0x00000320   0x00000320   0x00000000   Code   RO         1428    .ARM.Collect$$rtexit$$00000002  c_w.l(rtexit2.o)
    0x00000320   0x00000320   0x00000004   Code   RO         1429    .ARM.Collect$$rtexit$$00000003  c_w.l(rtexit2.o)
    0x00000324   0x00000324   0x00000006   Code   RO         1430    .ARM.Collect$$rtexit$$00000004  c_w.l(rtexit2.o)
    0x0000032a   0x0000032a   0x00000002   PAD
    0x0000032c   0x0000032c   0x00000006   Code   RO          680    .emb_text           driverlib.lib(sysctl.o)
    0x00000332   0x00000332   0x00000002   PAD
    0x00000334   0x00000334   0x00000026   Code   RO         1311    .emb_text           driverlib.lib(cpu.o)
    0x0000035a   0x0000035a   0x00000002   PAD
    0x0000035c   0x0000035c   0x00000034   Code   RO         1323    .emb_text           c_w.l(rand.o)
    0x00000390   0x00000390   0x00000018   Code   RO            4    .text               startup_rvmdk.o
    0x000003a8   0x000003a8   0x0000003c   Code   RO         1324    .text               c_w.l(rand.o)
    0x000003e4   0x000003e4   0x00000006   Code   RO         1328    .text               c_w.l(heapauxi.o)
    0x000003ea   0x000003ea   0x0000004a   Code   RO         1397    .text               c_w.l(sys_stackheap_outer.o)
    0x00000434   0x00000434   0x00000012   Code   RO         1399    .text               c_w.l(exit.o)
    0x00000446   0x00000446   0x00000002   PAD
    0x00000448   0x00000448   0x00000008   Code   RO         1413    .text               c_w.l(libspace.o)
    0x00000450   0x00000450   0x00000002   Code   RO         1424    .text               c_w.l(use_no_semi.o)
    0x00000452   0x00000452   0x00000000   Code   RO         1426    .text               c_w.l(indicate_semi.o)
    0x00000452   0x00000452   0x00000002   PAD
    0x00000454   0x00000454   0x0000000c   Code   RO         1440    .text               c_w.l(sys_exit.o)
    0x00000460   0x00000460   0x00000028   Code   RO          243    i.GPIODirModeSet    driverlib.lib(gpio.o)
    0x00000488   0x00000488   0x00000058   Code   RO          100    i.GPIOF_Interrupt_Init  tivasetup.o
    0x000004e0   0x000004e0   0x0000013a   Code   RO          253    i.GPIOPadConfigSet  driverlib.lib(gpio.o)
    0x0000061a   0x0000061a   0x00000002   PAD
    0x0000061c   0x0000061c   0x00000048   Code   RO          254    i.GPIOPinConfigure  driverlib.lib(gpio.o)
    0x00000664   0x00000664   0x0000001c   Code   RO          263    i.GPIOPinTypeGPIOInput  driverlib.lib(gpio.o)
    0x00000680   0x00000680   0x0000001c   Code   RO          264    i.GPIOPinTypeGPIOOutput  driverlib.lib(gpio.o)
    0x0000069c   0x0000069c   0x0000001c   Code   RO          279    i.GPIOPinTypeUART   driverlib.lib(gpio.o)
    0x000006b8   0x000006b8   0x00000006   Code   RO          285    i.GPIOPinWrite      driverlib.lib(gpio.o)
    0x000006be   0x000006be   0x00000002   PAD
    0x000006c0   0x000006c0   0x000000f0   Code   RO          101    i.GPIOPortF_Handler  tivasetup.o
    0x000007b0   0x000007b0   0x00000064   Code   RO          565    i.IntEnable         driverlib.lib(interrupt.o)
    0x00000814   0x00000814   0x0000000e   Code   RO          568    i.IntMasterEnable   driverlib.lib(interrupt.o)
    0x00000822   0x00000822   0x00000002   PAD
    0x00000824   0x00000824   0x00000028   Code   RO          576    i.IntPrioritySet    driverlib.lib(interrupt.o)
    0x0000084c   0x0000084c   0x0000009c   Code   RO          104    i.PortFunctionInit  tivasetup.o
    0x000008e8   0x000008e8   0x00000164   Code   RO          683    i.SysCtlClockGet    driverlib.lib(sysctl.o)
    0x00000a4c   0x00000a4c   0x00000028   Code   RO          714    i.SysCtlPeripheralEnable  driverlib.lib(sysctl.o)
    0x00000a74   0x00000a74   0x0000002c   Code   RO          717    i.SysCtlPeripheralPresent  driverlib.lib(sysctl.o)
    0x00000aa0   0x00000aa0   0x0000000c   Code   RO         1028    i.UARTCharGet       driverlib.lib(uart.o)
    0x00000aac   0x00000aac   0x0000000c   Code   RO         1030    i.UARTCharPut       driverlib.lib(uart.o)
    0x00000ab8   0x00000ab8   0x0000006e   Code   RO         1036    i.UARTConfigSetExpClk  driverlib.lib(uart.o)
    0x00000b26   0x00000b26   0x00000014   Code   RO         1041    i.UARTEnable        driverlib.lib(uart.o)
    0x00000b3a   0x00000b3a   0x0000000c   Code   RO         1048    i.UARTFlowControlSet  driverlib.lib(uart.o)
    0x00000b46   0x00000b46   0x00000004   Code   RO         1049    i.UARTIntClear      driverlib.lib(uart.o)
    0x00000b4a   0x00000b4a   0x00000008   Code   RO         1051    i.UARTIntEnable     driverlib.lib(uart.o)
    0x00000b52   0x00000b52   0x00000002   PAD
    0x00000b54   0x00000b54   0x00000020   Code   RO          105    i.UARTIntHandler    tivasetup.o
    0x00000b74   0x00000b74   0x0000000a   Code   RO         1053    i.UARTIntStatus     driverlib.lib(uart.o)
    0x00000b7e   0x00000b7e   0x00000002   PAD
    0x00000b80   0x00000b80   0x00000050   Code   RO           11    i.UARTStdioConfig   uartstdio.o
    0x00000bd0   0x00000bd0   0x00000060   Code   RO          106    i.UARTSwitchCases   tivasetup.o
    0x00000c30   0x00000c30   0x0000007c   Code   RO          107    i.UART_int_init     tivasetup.o
    0x00000cac   0x00000cac   0x0000001a   Code   RO           14    i.UARTprintf        uartstdio.o
    0x00000cc6   0x00000cc6   0x00000002   PAD
    0x00000cc8   0x00000cc8   0x00000250   Code   RO           15    i.UARTvprintf       uartstdio.o
    0x00000f18   0x00000f18   0x00000034   Code   RO           16    i.UARTwrite         uartstdio.o
    0x00000f4c   0x00000f4c   0x000000dc   Code   RO          108    i.ledSwitchCases    tivasetup.o
    0x00001028   0x00001028   0x000000c0   Code   RO          203    i.main              main.o
    0x000010e8   0x000010e8   0x00000098   Code   RO          226    i.roundStart        game.o
    0x00001180   0x00001180   0x00000100   Code   RO          109    i.userLEDSwitchCases  tivasetup.o
    0x00001280   0x00001280   0x0000000a   Code   RO         1395    x$fpl$fpinit        fz_wm.l(fpinit.o)
    0x0000128a   0x0000128a   0x00000002   PAD
    0x0000128c   0x0000128c   0x0000001c   Data   RO           17    .constdata          uartstdio.o
    0x000012a8   0x000012a8   0x00000210   Data   RO          286    .constdata          driverlib.lib(gpio.o)
    0x000014b8   0x000014b8   0x0000010c   Data   RO          581    .constdata          driverlib.lib(interrupt.o)
    0x000015c4   0x000015c4   0x000001c4   Data   RO          735    .constdata          driverlib.lib(sysctl.o)
    0x00001788   0x00001788   0x00000011   Data   RO           18    .conststring        uartstdio.o
    0x00001799   0x00001799   0x00000003   PAD
    0x0000179c   0x0000179c   0x00000053   Data   RO          204    .conststring        main.o
    0x000017ef   0x000017ef   0x00000001   PAD
    0x000017f0   0x000017f0   0x00000020   Data   RO         1485    Region$$Table       anon$$obj.o


    Execution Region ER_RW (Exec base: 0x20000000, Load base: 0x00001810, Size: 0x00000010, Max: 0xffffffff, ABSOLUTE)

    Exec Addr    Load Addr    Size         Type   Attr      Idx    E Section Name        Object

    0x20000000   0x00001810   0x00000005   Data   RW           19    .data               uartstdio.o
    0x20000005   0x00001815   0x00000003   PAD
    0x20000008   0x00001818   0x00000005   Data   RW          110    .data               tivasetup.o


    Execution Region ER_ZI (Exec base: 0x20000010, Load base: 0x00001820, Size: 0x00000248, Max: 0xffffffff, ABSOLUTE)

    Exec Addr    Load Addr    Size         Type   Attr      Idx    E Section Name        Object

    0x20000010        -       0x000000e4   Zero   RW         1325    .bss                c_w.l(rand.o)
    0x200000f4        -       0x00000060   Zero   RW         1414    .bss                c_w.l(libspace.o)
    0x20000154   0x00001820   0x00000004   PAD
    0x20000158        -       0x00000000   Zero   RW            2    HEAP                startup_rvmdk.o
    0x20000158        -       0x00000100   Zero   RW            1    STACK               startup_rvmdk.o


==============================================================================

Image component sizes


      Code (inc. data)   RO Data    RW Data    ZI Data      Debug   Object Name

       152         64          0          0          0        605   game.o
       192        146         83          0          0        495   main.o
       672        636          0          0        256        564   startup_rvmdk.o
      1212        260          0          5          0       5129   tivasetup.o
       750         36         45          5          0      10144   uartstdio.o

    ----------------------------------------------------------------------
      2980       1142        164         16        256      16937   Object Totals
         0          0         32          0          0          0   (incl. Generated)
         2          0          4          6          0          0   (incl. Padding)

    ----------------------------------------------------------------------

      Code (inc. data)   RO Data    RW Data    ZI Data      Debug   Library Member Name

         8          0          0          0          0         68   __main.o
         0          0          0          0          0          0   __rtentry.o
        12          0          0          0          0          0   __rtentry2.o
         6          0          0          0          0          0   __rtentry4.o
        52          8          0          0          0          0   __scatter.o
        26          0          0          0          0          0   __scatter_copy.o
        28          0          0          0          0          0   __scatter_zi.o
        18          0          0          0          0         80   exit.o
         6          0          0          0          0        152   heapauxi.o
         0          0          0          0          0          0   indicate_semi.o
         2          0          0          0          0          0   libinit.o
        10          0          0          0          0          0   libinit2.o
         2          0          0          0          0          0   libshutdown.o
         2          0          0          0          0          0   libshutdown2.o
         8          4          0          0         96         68   libspace.o
       112         18          0          0        228        160   rand.o
         2          0          0          0          0          0   rtexit.o
        10          0          0          0          0          0   rtexit2.o
        12          4          0          0          0         68   sys_exit.o
        74          0          0          0          0         80   sys_stackheap_outer.o
         2          0          0          0          0         68   use_no_semi.o
        38          0          0          0          0        504   cpu.o
       516          8        528          0          0       7347   gpio.o
       154         12        268          0          0       2251   interrupt.o
       446         50        452          0          0       3620   sysctl.o
       188          0          0          0          0       4403   uart.o
        10          0          0          0          0        116   fpinit.o

    ----------------------------------------------------------------------
      1768        104       1248          0        328      18985   Library Totals
        24          0          0          0          4          0   (incl. Padding)

    ----------------------------------------------------------------------

      Code (inc. data)   RO Data    RW Data    ZI Data      Debug   Library Name

       392         34          0          0        324        744   c_w.l
      1342         70       1248          0          0      18125   driverlib.lib
        10          0          0          0          0        116   fz_wm.l

    ----------------------------------------------------------------------
      1768        104       1248          0        328      18985   Library Totals

    ----------------------------------------------------------------------

==============================================================================


      Code (inc. data)   RO Data    RW Data    ZI Data      Debug   

      4748       1246       1412         16        584      32562   Grand Totals
      4748       1246       1412         16        584      32562   ELF Image Totals
      4748       1246       1412         16          0          0   ROM Totals

==============================================================================

    Total RO  Size (Code + RO Data)                 6160 (   6.02kB)
    Total RW  Size (RW Data + ZI Data)               600 (   0.59kB)
    Total ROM Size (Code + RO Data + RW Data)       6176 (   6.03kB)

==============================================================================

